Component: ARM Compiler 5.06 update 3 (build 300) Tool: armlink [4d35c9]

==============================================================================

Section Cross References

    system_stm32l4xx.o(i.SystemCoreClockUpdate) refers to system_stm32l4xx.o(.constdata) for MSIRangeTable
    system_stm32l4xx.o(i.SystemCoreClockUpdate) refers to system_stm32l4xx.o(.data) for SystemCoreClock
    startup_stm32l431xx.o(RESET) refers to startup_stm32l431xx.o(STACK) for __initial_sp
    startup_stm32l431xx.o(RESET) refers to startup_stm32l431xx.o(.text) for Reset_Handler
    startup_stm32l431xx.o(RESET) refers to sysirqhandlers.o(i.NMI_Handler) for NMI_Handler
    startup_stm32l431xx.o(RESET) refers to sysirqhandlers.o(i.HardFault_Handler) for HardFault_Handler
    startup_stm32l431xx.o(RESET) refers to sysirqhandlers.o(i.MemManage_Handler) for MemManage_Handler
    startup_stm32l431xx.o(RESET) refers to sysirqhandlers.o(i.BusFault_Handler) for BusFault_Handler
    startup_stm32l431xx.o(RESET) refers to sysirqhandlers.o(i.UsageFault_Handler) for UsageFault_Handler
    startup_stm32l431xx.o(RESET) refers to sysirqhandlers.o(i.DebugMon_Handler) for DebugMon_Handler
    startup_stm32l431xx.o(RESET) refers to board.o(i.SysTick_Handler) for SysTick_Handler
    startup_stm32l431xx.o(RESET) refers to sysirqhandlers.o(i.PVD_PVM_IRQHandler) for PVD_PVM_IRQHandler
    startup_stm32l431xx.o(RESET) refers to sysirqhandlers.o(i.FLASH_IRQHandler) for FLASH_IRQHandler
    startup_stm32l431xx.o(RESET) refers to gpio-board.o(i.EXTI0_IRQHandler) for EXTI0_IRQHandler
    startup_stm32l431xx.o(RESET) refers to gpio-board.o(i.EXTI1_IRQHandler) for EXTI1_IRQHandler
    startup_stm32l431xx.o(RESET) refers to gpio-board.o(i.EXTI2_IRQHandler) for EXTI2_IRQHandler
    startup_stm32l431xx.o(RESET) refers to gpio-board.o(i.EXTI3_IRQHandler) for EXTI3_IRQHandler
    startup_stm32l431xx.o(RESET) refers to gpio-board.o(i.EXTI4_IRQHandler) for EXTI4_IRQHandler
    startup_stm32l431xx.o(RESET) refers to gpio-board.o(i.EXTI9_5_IRQHandler) for EXTI9_5_IRQHandler
    startup_stm32l431xx.o(RESET) refers to uart-board.o(i.USART1_IRQHandler) for USART1_IRQHandler
    startup_stm32l431xx.o(RESET) refers to gpio-board.o(i.EXTI15_10_IRQHandler) for EXTI15_10_IRQHandler
    startup_stm32l431xx.o(RESET) refers to rtc-board.o(i.RTC_Alarm_IRQHandler) for RTC_Alarm_IRQHandler
    startup_stm32l431xx.o(RESET) refers to stm32l4xx_hal_timebase_tim.o(i.TIM6_DAC_IRQHandler) for TIM6_DAC_IRQHandler
    startup_stm32l431xx.o(.text) refers to system_stm32l4xx.o(i.SystemInit) for SystemInit
    startup_stm32l431xx.o(.text) refers to entry.o(.ARM.Collect$$$$00000000) for __main
    stm32l4xx_hal.o(i.HAL_DeInit) refers to stm32l4xx_hal_msp_template.o(i.HAL_MspDeInit) for HAL_MspDeInit
    stm32l4xx_hal.o(i.HAL_Delay) refers to stm32l4xx_hal.o(i.HAL_GetTick) for HAL_GetTick
    stm32l4xx_hal.o(i.HAL_GetTick) refers to stm32l4xx_hal.o(.data) for uwTick
    stm32l4xx_hal.o(i.HAL_IncTick) refers to stm32l4xx_hal.o(.data) for uwTick
    stm32l4xx_hal.o(i.HAL_Init) refers to stm32l4xx_hal_cortex.o(i.HAL_NVIC_SetPriorityGrouping) for HAL_NVIC_SetPriorityGrouping
    stm32l4xx_hal.o(i.HAL_Init) refers to stm32l4xx_hal_timebase_tim.o(i.HAL_InitTick) for HAL_InitTick
    stm32l4xx_hal.o(i.HAL_Init) refers to stm32l4xx_hal_msp_template.o(i.HAL_MspInit) for HAL_MspInit
    stm32l4xx_hal.o(i.HAL_InitTick) refers to stm32l4xx_hal_cortex.o(i.HAL_SYSTICK_Config) for HAL_SYSTICK_Config
    stm32l4xx_hal.o(i.HAL_InitTick) refers to stm32l4xx_hal_cortex.o(i.HAL_NVIC_SetPriority) for HAL_NVIC_SetPriority
    stm32l4xx_hal.o(i.HAL_InitTick) refers to system_stm32l4xx.o(.data) for SystemCoreClock
    stm32l4xx_hal.o(i.HAL_SYSCFG_EnableVREFBUF) refers to stm32l4xx_hal.o(i.HAL_GetTick) for HAL_GetTick
    stm32l4xx_hal_adc.o(i.ADC_ConversionStop) refers to stm32l4xx_hal_adc.o(i.LL_ADC_REG_IsConversionOngoing) for LL_ADC_REG_IsConversionOngoing
    stm32l4xx_hal_adc.o(i.ADC_ConversionStop) refers to stm32l4xx_hal_adc.o(i.LL_ADC_INJ_IsConversionOngoing) for LL_ADC_INJ_IsConversionOngoing
    stm32l4xx_hal_adc.o(i.ADC_ConversionStop) refers to stm32l4xx_hal_adc.o(i.LL_ADC_IsDisableOngoing) for LL_ADC_IsDisableOngoing
    stm32l4xx_hal_adc.o(i.ADC_ConversionStop) refers to stm32l4xx_hal.o(i.HAL_GetTick) for HAL_GetTick
    stm32l4xx_hal_adc.o(i.ADC_DMAConvCplt) refers to stm32l4xx_hal_adc.o(i.LL_ADC_REG_IsTriggerSourceSWStart) for LL_ADC_REG_IsTriggerSourceSWStart
    stm32l4xx_hal_adc.o(i.ADC_DMAConvCplt) refers to stm32l4xx_hal_adc.o(i.HAL_ADC_ConvCpltCallback) for HAL_ADC_ConvCpltCallback
    stm32l4xx_hal_adc.o(i.ADC_DMAConvCplt) refers to stm32l4xx_hal_adc.o(i.HAL_ADC_ErrorCallback) for HAL_ADC_ErrorCallback
    stm32l4xx_hal_adc.o(i.ADC_DMAError) refers to stm32l4xx_hal_adc.o(i.HAL_ADC_ErrorCallback) for HAL_ADC_ErrorCallback
    stm32l4xx_hal_adc.o(i.ADC_DMAHalfConvCplt) refers to stm32l4xx_hal_adc.o(i.HAL_ADC_ConvHalfCpltCallback) for HAL_ADC_ConvHalfCpltCallback
[...]
    UART_TxISR_8BIT                          0x08007209   Thumb Code    64  stm32l4xx_hal_uart.o(i.UART_TxISR_8BIT)
    i.UART_WaitOnFlagUntilTimeout            0x08007248   Section        0  stm32l4xx_hal_uart.o(i.UART_WaitOnFlagUntilTimeout)
    i.USART1_IRQHandler                      0x080072b4   Section        0  uart-board.o(i.USART1_IRQHandler)
    i.UartConfig                             0x080072c4   Section        0  uart.o(i.UartConfig)
    i.UartInit                               0x080072f2   Section        0  uart.o(i.UartInit)
    i.UartMcuConfig                          0x08007318   Section        0  uart-board.o(i.UartMcuConfig)
    i.UartMcuInit                            0x08007438   Section        0  uart-board.o(i.UartMcuInit)
    i.UartMcuPutChar                         0x080074ac   Section        0  uart-board.o(i.UartMcuPutChar)
    i.UartPutChar                            0x08007508   Section        0  uart.o(i.UartPutChar)
    i.UsageFault_Handler                     0x08007518   Section        0  sysirqhandlers.o(i.UsageFault_Handler)
    i.__0printf$2                            0x0800751c   Section        0  printf2.o(i.__0printf$2)
    i.__scatterload_copy                     0x0800753c   Section       14  handlers.o(i.__scatterload_copy)
    i.__scatterload_null                     0x0800754a   Section        2  handlers.o(i.__scatterload_null)
    i.__scatterload_zeroinit                 0x0800754c   Section       14  handlers.o(i.__scatterload_zeroinit)
    i._printf_core                           0x0800755a   Section        0  printf2.o(i._printf_core)
    _printf_core                             0x0800755b   Thumb Code   214  printf2.o(i._printf_core)
    i.fputc                                  0x08007638   Section        0  board.o(i.fputc)
    i.main                                   0x08007654   Section        0  main.o(i.main)
    i.memcpy1                                0x080078e8   Section        0  utilities.o(i.memcpy1)
    .constdata                               0x08007900   Section       72  system_stm32l4xx.o(.constdata)
    .constdata                               0x08007948   Section       10  main.o(.constdata)
    .constdata                               0x08007954   Section      224  sx1276.o(.constdata)
    .constdata                               0x08007a34   Section       24  rtc-board.o(.constdata)
    DaysInMonth                              0x08007a34   Data          12  rtc-board.o(.constdata)
    DaysInMonthLeapYear                      0x08007a40   Data          12  rtc-board.o(.constdata)
    .constdata                               0x08007a4c   Section      108  sx1276mb1las-board.o(.constdata)
    .data                                    0x20000000   Section        4  system_stm32l4xx.o(.data)
    .data                                    0x20000004   Section        4  stm32l4xx_hal.o(.data)
    .data                                    0x20000008   Section       32  stm32l4xx_hal_flash.o(.data)
    .data                                    0x20000028   Section        5  main.o(.data)
    .data                                    0x20000030   Section       28  sx1276.o(.data)
    RadioEvents                              0x20000030   Data           4  sx1276.o(.data)
    .data                                    0x2000004c   Section        4  timer.o(.data)
    TimerListHead                            0x2000004c   Data           4  timer.o(.data)
    .data                                    0x20000050   Section        1  adc.o(.data)
    AdcInitialized                           0x20000050   Data           1  adc.o(.data)
    .data                                    0x20000052   Section        4  board.o(.data)
    McuInitialized                           0x20000052   Data           1  board.o(.data)
    UsbIsConnected                           0x20000053   Data           1  board.o(.data)
    BatteryVoltage                           0x20000054   Data           2  board.o(.data)
    .data                                    0x20000058   Section        8  lpm-board.o(.data)
    StopModeDisable                          0x20000058   Data           4  lpm-board.o(.data)
    OffModeDisable                           0x2000005c   Data           4  lpm-board.o(.data)
    .data                                    0x20000060   Section        1  rtc-board.o(.data)
    RtcInitialized                           0x20000060   Data           1  rtc-board.o(.data)
    .data                                    0x20000061   Section        1  sx1276mb1las-board.o(.data)
    RadioIsActive                            0x20000061   Data           1  sx1276mb1las-board.o(.data)
    .data                                    0x20000062   Section        2  uart-board.o(.data)
    .data                                    0x20000064   Section        4  stdout.o(.data)
    .bss                                     0x20000068   Section       64  stm32l4xx_hal_timebase_tim.o(.bss)
    .bss                                     0x200000a8   Section      100  main.o(.bss)
    RadioEvents                              0x200000e8   Data          36  main.o(.bss)
    .bss                                     0x2000010c   Section      652  sx1276.o(.bss)
    RxTxBuffer                               0x2000010c   Data         256  sx1276.o(.bss)
    .bss                                     0x20000398   Section     2180  board.o(.bss)
    .bss                                     0x20000c1c   Section       64  gpio-board.o(.bss)
    GpioIrq                                  0x20000c1c   Data          64  gpio-board.o(.bss)
    .bss                                     0x20000c5c   Section      104  rtc-board.o(.bss)
    RtcHandle                                0x20000c5c   Data          36  rtc-board.o(.bss)
    RtcAlarm                                 0x20000c80   Data          40  rtc-board.o(.bss)
    RtcTimerContext                          0x20000ca8   Data          28  rtc-board.o(.bss)
    .bss                                     0x20000cc4   Section      200  spi-board.o(.bss)
    SpiHandle                                0x20000cc4   Data         200  spi-board.o(.bss)
    .bss                                     0x20000d8c   Section       20  sx1276mb1las-board.o(.bss)
    .bss                                     0x20000da0   Section      120  uart-board.o(.bss)
    UartHandle                               0x20000da0   Data         120  uart-board.o(.bss)
    .bss                                     0x20000e18   Section      100  adc-board.o(.bss)
    STACK                                    0x20000e80   Section     1024  startup_stm32l431xx.o(STACK)

    Global Symbols

    Symbol Name                              Value     Ov Type        Size  Object(Section)

    BuildAttributes$$THM_ISAv4$E$P$D$K$B$S$7EM$VFPi3$EXTD16$VFPS$VFMA$PE$A:L22UL41UL21$X:L11$S22US41US21$IEEE1$IW$USESV6$~STKCKD$USESV7$~SHL$OTIME$ROPI$IEEEJ$EBA8$MICROLIB$REQ8$PRES8$EABIv2 0x00000000   Number         0  anon$$obj.o ABSOLUTE
    __ARM_use_no_argv                        0x00000000   Number         0  main.o ABSOLUTE
    _printf_a                                0x00000000   Number         0  stubs.o ABSOLUTE
    _printf_c                                0x00000000   Number         0  stubs.o ABSOLUTE
    _printf_charcount                        0x00000000   Number         0  stubs.o ABSOLUTE
    _printf_d                                0x00000000   Number         0  stubs.o ABSOLUTE
    _printf_e                                0x00000000   Number         0  stubs.o ABSOLUTE
    _printf_f                                0x00000000   Number         0  stubs.o ABSOLUTE
    _printf_flags                            0x00000000   Number         0  stubs.o ABSOLUTE
    _printf_fp_dec                           0x00000000   Number         0  stubs.o ABSOLUTE
    _printf_fp_hex                           0x00000000   Number         0  stubs.o ABSOLUTE
    _printf_g                                0x00000000   Number         0  stubs.o ABSOLUTE
    _printf_i                                0x00000000   Number         0  stubs.o ABSOLUTE
    _printf_int_dec                          0x00000000   Number         0  stubs.o ABSOLUTE
    _printf_l                                0x00000000   Number         0  stubs.o ABSOLUTE
    _printf_lc                               0x00000000   Number         0  stubs.o ABSOLUTE
    _printf_ll                               0x00000000   Number         0  stubs.o ABSOLUTE
    _printf_lld                              0x00000000   Number         0  stubs.o ABSOLUTE
    _printf_lli                              0x00000000   Number         0  stubs.o ABSOLUTE
    _printf_llo                              0x00000000   Number         0  stubs.o ABSOLUTE
    _printf_llu                              0x00000000   Number         0  stubs.o ABSOLUTE
    _printf_llx                              0x00000000   Number         0  stubs.o ABSOLUTE
    _printf_longlong_dec                     0x00000000   Number         0  stubs.o ABSOLUTE
    _printf_longlong_hex                     0x00000000   Number         0  stubs.o ABSOLUTE
    _printf_longlong_oct                     0x00000000   Number         0  stubs.o ABSOLUTE
    _printf_ls                               0x00000000   Number         0  stubs.o ABSOLUTE
    _printf_mbtowc                           0x00000000   Number         0  stubs.o ABSOLUTE
    _printf_n                                0x00000000   Number         0  stubs.o ABSOLUTE
    _printf_o                                0x00000000   Number         0  stubs.o ABSOLUTE
    _printf_p                                0x00000000   Number         0  stubs.o ABSOLUTE
    _printf_percent                          0x00000000   Number         0  stubs.o ABSOLUTE
    _printf_pre_padding                      0x00000000   Number         0  stubs.o ABSOLUTE
    _printf_return_value                     0x00000000   Number         0  stubs.o ABSOLUTE
    _printf_s                                0x00000000   Number         0  stubs.o ABSOLUTE
    _printf_sizespec                         0x00000000   Number         0  stubs.o ABSOLUTE
    _printf_str                              0x00000000   Number         0  stubs.o ABSOLUTE
    _printf_truncate_signed                  0x00000000   Number         0  stubs.o ABSOLUTE
    _printf_truncate_unsigned                0x00000000   Number         0  stubs.o ABSOLUTE
    _printf_u                                0x00000000   Number         0  stubs.o ABSOLUTE
    _printf_wc                               0x00000000   Number         0  stubs.o ABSOLUTE
    _printf_wctomb                           0x00000000   Number         0  stubs.o ABSOLUTE
    _printf_widthprec                        0x00000000   Number         0  stubs.o ABSOLUTE
    _printf_x                                0x00000000   Number         0  stubs.o ABSOLUTE
    __cpp_initialize__aeabi_                  - Undefined Weak Reference
    __cxa_finalize                            - Undefined Weak Reference
    __decompress                              - Undefined Weak Reference
    _clock_init                               - Undefined Weak Reference
    _microlib_exit                            - Undefined Weak Reference
    __Vectors_Size                           0x0000018c   Number         0  startup_stm32l431xx.o ABSOLUTE
    __Vectors                                0x08000000   Data           4  startup_stm32l431xx.o(RESET)
    __Vectors_End                            0x0800018c   Data           0  startup_stm32l431xx.o(RESET)
    __main                                   0x0800018d   Thumb Code     0  entry.o(.ARM.Collect$$$$00000000)
    _main_stk                                0x0800018d   Thumb Code     0  entry2.o(.ARM.Collect$$$$00000001)
    _main_scatterload                        0x08000191   Thumb Code     0  entry5.o(.ARM.Collect$$$$00000004)
    __main_after_scatterload                 0x08000195   Thumb Code     0  entry5.o(.ARM.Collect$$$$00000004)
    _main_clock                              0x08000195   Thumb Code     0  entry7b.o(.ARM.Collect$$$$00000008)
    _main_cpp_init                           0x08000195   Thumb Code     0  entry8b.o(.ARM.Collect$$$$0000000A)
    _main_init                               0x08000195   Thumb Code     0  entry9a.o(.ARM.Collect$$$$0000000B)
    __rt_final_cpp                           0x0800019d   Thumb Code     0  entry10a.o(.ARM.Collect$$$$0000000D)
    __rt_final_exit                          0x0800019d   Thumb Code     0  entry11a.o(.ARM.Collect$$$$0000000F)
    Reset_Handler                            0x080001a1   Thumb Code     8  startup_stm32l431xx.o(.text)
    SVC_Handler                              0x080001b3   Thumb Code     2  startup_stm32l431xx.o(.text)
    PendSV_Handler                           0x080001b7   Thumb Code     2  startup_stm32l431xx.o(.text)
    ADC1_IRQHandler                          0x080001bb   Thumb Code     0  startup_stm32l431xx.o(.text)
    CAN1_RX0_IRQHandler                      0x080001bb   Thumb Code     0  startup_stm32l431xx.o(.text)
    CAN1_RX1_IRQHandler                      0x080001bb   Thumb Code     0  startup_stm32l431xx.o(.text)
    CAN1_SCE_IRQHandler                      0x080001bb   Thumb Code     0  startup_stm32l431xx.o(.text)
    CAN1_TX_IRQHandler                       0x080001bb   Thumb Code     0  startup_stm32l431xx.o(.text)
    COMP_IRQHandler                          0x080001bb   Thumb Code     0  startup_stm32l431xx.o(.text)
    CRS_IRQHandler                           0x080001bb   Thumb Code     0  startup_stm32l431xx.o(.text)
    DMA1_Channel1_IRQHandler                 0x080001bb   Thumb Code     0  startup_stm32l431xx.o(.text)
    DMA1_Channel2_IRQHandler                 0x080001bb   Thumb Code     0  startup_stm32l431xx.o(.text)
    DMA1_Channel3_IRQHandler                 0x080001bb   Thumb Code     0  startup_stm32l431xx.o(.text)
    DMA1_Channel4_IRQHandler                 0x080001bb   Thumb Code     0  startup_stm32l431xx.o(.text)
    DMA1_Channel5_IRQHandler                 0x080001bb   Thumb Code     0  startup_stm32l431xx.o(.text)
    DMA1_Channel6_IRQHandler                 0x080001bb   Thumb Code     0  startup_stm32l431xx.o(.text)
    DMA1_Channel7_IRQHandler                 0x080001bb   Thumb Code     0  startup_stm32l431xx.o(.text)
    DMA2_Channel1_IRQHandler                 0x080001bb   Thumb Code     0  startup_stm32l431xx.o(.text)
    DMA2_Channel2_IRQHandler                 0x080001bb   Thumb Code     0  startup_stm32l431xx.o(.text)
    DMA2_Channel3_IRQHandler                 0x080001bb   Thumb Code     0  startup_stm32l431xx.o(.text)
    DMA2_Channel4_IRQHandler                 0x080001bb   Thumb Code     0  startup_stm32l431xx.o(.text)
    DMA2_Channel5_IRQHandler                 0x080001bb   Thumb Code     0  startup_stm32l431xx.o(.text)
    DMA2_Channel6_IRQHandler                 0x080001bb   Thumb Code     0  startup_stm32l431xx.o(.text)
    DMA2_Channel7_IRQHandler                 0x080001bb   Thumb Code     0  startup_stm32l431xx.o(.text)
    FPU_IRQHandler                           0x080001bb   Thumb Code     0  startup_stm32l431xx.o(.text)
    I2C1_ER_IRQHandler                       0x080001bb   Thumb Code     0  startup_stm32l431xx.o(.text)
    I2C1_EV_IRQHandler                       0x080001bb   Thumb Code     0  startup_stm32l431xx.o(.text)
    I2C2_ER_IRQHandler                       0x080001bb   Thumb Code     0  startup_stm32l431xx.o(.text)
    I2C2_EV_IRQHandler                       0x080001bb   Thumb Code     0  startup_stm32l431xx.o(.text)
    I2C3_ER_IRQHandler                       0x080001bb   Thumb Code     0  startup_stm32l431xx.o(.text)
    I2C3_EV_IRQHandler                       0x080001bb   Thumb Code     0  startup_stm32l431xx.o(.text)
    LPTIM1_IRQHandler                        0x080001bb   Thumb Code     0  startup_stm32l431xx.o(.text)
    LPTIM2_IRQHandler                        0x080001bb   Thumb Code     0  startup_stm32l431xx.o(.text)
    LPUART1_IRQHandler                       0x080001bb   Thumb Code     0  startup_stm32l431xx.o(.text)
    QUADSPI_IRQHandler                       0x080001bb   Thumb Code     0  startup_stm32l431xx.o(.text)
    RCC_IRQHandler                           0x080001bb   Thumb Code     0  startup_stm32l431xx.o(.text)
    RNG_IRQHandler                           0x080001bb   Thumb Code     0  startup_stm32l431xx.o(.text)
    RTC_WKUP_IRQHandler                      0x080001bb   Thumb Code     0  startup_stm32l431xx.o(.text)
    SAI1_IRQHandler                          0x080001bb   Thumb Code     0  startup_stm32l431xx.o(.text)
    SDMMC1_IRQHandler                        0x080001bb   Thumb Code     0  startup_stm32l431xx.o(.text)
    SPI1_IRQHandler                          0x080001bb   Thumb Code     0  startup_stm32l431xx.o(.text)
    SPI2_IRQHandler                          0x080001bb   Thumb Code     0  startup_stm32l431xx.o(.text)
    SPI3_IRQHandler                          0x080001bb   Thumb Code     0  startup_stm32l431xx.o(.text)
    SWPMI1_IRQHandler                        0x080001bb   Thumb Code     0  startup_stm32l431xx.o(.text)
    TAMP_STAMP_IRQHandler                    0x080001bb   Thumb Code     0  startup_stm32l431xx.o(.text)
    TIM1_BRK_TIM15_IRQHandler                0x080001bb   Thumb Code     0  startup_stm32l431xx.o(.text)
    TIM1_CC_IRQHandler                       0x080001bb   Thumb Code     0  startup_stm32l431xx.o(.text)
    TIM1_TRG_COM_IRQHandler                  0x080001bb   Thumb Code     0  startup_stm32l431xx.o(.text)
    TIM1_UP_TIM16_IRQHandler                 0x080001bb   Thumb Code     0  startup_stm32l431xx.o(.text)
    TIM2_IRQHandler                          0x080001bb   Thumb Code     0  startup_stm32l431xx.o(.text)
    TIM7_IRQHandler                          0x080001bb   Thumb Code     0  startup_stm32l431xx.o(.text)
    TSC_IRQHandler                           0x080001bb   Thumb Code     0  startup_stm32l431xx.o(.text)
    USART2_IRQHandler                        0x080001bb   Thumb Code     0  startup_stm32l431xx.o(.text)
    USART3_IRQHandler                        0x080001bb   Thumb Code     0  startup_stm32l431xx.o(.text)
    WWDG_IRQHandler                          0x080001bb   Thumb Code     0  startup_stm32l431xx.o(.text)
    __aeabi_uldivmod                         0x080001c5   Thumb Code    98  uldiv.o(.text)
    __aeabi_memcpy                           0x0800022d   Thumb Code    36  memcpya.o(.text)
    __aeabi_memcpy4                          0x0800022d   Thumb Code     0  memcpya.o(.text)
    __aeabi_memcpy8                          0x0800022d   Thumb Code     0  memcpya.o(.text)
    __aeabi_memset                           0x08000251   Thumb Code    14  memseta.o(.text)
    __aeabi_memset4                          0x08000251   Thumb Code     0  memseta.o(.text)
    __aeabi_memset8                          0x08000251   Thumb Code     0  memseta.o(.text)
    __aeabi_memclr                           0x0800025f   Thumb Code     4  memseta.o(.text)
    __aeabi_memclr4                          0x0800025f   Thumb Code     0  memseta.o(.text)
    __aeabi_memclr8                          0x0800025f   Thumb Code     0  memseta.o(.text)
    _memset$wrapper                          0x08000263   Thumb Code    18  memseta.o(.text)
    strncmp                                  0x08000275   Thumb Code    30  strncmp.o(.text)
    __aeabi_llsl                             0x08000293   Thumb Code    30  llshl.o(.text)
    _ll_shift_l                              0x08000293   Thumb Code     0  llshl.o(.text)
    __aeabi_llsr                             0x080002b1   Thumb Code    32  llushr.o(.text)
    _ll_ushift_r                             0x080002b1   Thumb Code     0  llushr.o(.text)
    __scatterload                            0x080002d1   Thumb Code    28  init.o(.text)
    __scatterload_rt2                        0x080002d1   Thumb Code     0  init.o(.text)
    ADC_ConversionStop                       0x080002f5   Thumb Code   268  stm32l4xx_hal_adc.o(i.ADC_ConversionStop)
    ADC_Disable                              0x08000411   Thumb Code   132  stm32l4xx_hal_adc.o(i.ADC_Disable)
    AdcDeInit                                0x08000499   Thumb Code     8  adc.o(i.AdcDeInit)
    AdcInit                                  0x080004a5   Thumb Code    32  adc.o(i.AdcInit)
    AdcMcuConfig                             0x080004c9   Thumb Code    50  adc-board.o(i.AdcMcuConfig)
    AdcMcuInit                               0x08000501   Thumb Code    70  adc-board.o(i.AdcMcuInit)
    BoardCriticalSectionBegin                0x08000555   Thumb Code    12  board.o(i.BoardCriticalSectionBegin)
    BoardCriticalSectionEnd                  0x08000561   Thumb Code    10  board.o(i.BoardCriticalSectionEnd)
    BoardDeInitMcu                           0x0800056d   Thumb Code    20  board.o(i.BoardDeInitMcu)
    BoardInitMcu                             0x08000589   Thumb Code   218  board.o(i.BoardInitMcu)
    BoardInitPeriph                          0x08000689   Thumb Code     2  board.o(i.BoardInitPeriph)
    BoardLowPowerHandler                     0x0800068b   Thumb Code    12  board.o(i.BoardLowPowerHandler)
    BusFault_Handler                         0x080006a7   Thumb Code     4  sysirqhandlers.o(i.BusFault_Handler)
    DebugMon_Handler                         0x080006ab   Thumb Code     2  sysirqhandlers.o(i.DebugMon_Handler)
    DelayMs                                  0x080006ad   Thumb Code    12  delay.o(i.DelayMs)
    DelayMsMcu                               0x080006b9   Thumb Code    12  delay-board.o(i.DelayMsMcu)
    EXTI0_IRQHandler                         0x080006c5   Thumb Code    10  gpio-board.o(i.EXTI0_IRQHandler)
    EXTI15_10_IRQHandler                     0x080006cf   Thumb Code    52  gpio-board.o(i.EXTI15_10_IRQHandler)
    EXTI1_IRQHandler                         0x08000703   Thumb Code    10  gpio-board.o(i.EXTI1_IRQHandler)
    EXTI2_IRQHandler                         0x0800070d   Thumb Code    10  gpio-board.o(i.EXTI2_IRQHandler)
    EXTI3_IRQHandler                         0x08000717   Thumb Code    10  gpio-board.o(i.EXTI3_IRQHandler)
    EXTI4_IRQHandler                         0x08000721   Thumb Code    10  gpio-board.o(i.EXTI4_IRQHandler)
    EXTI9_5_IRQHandler                       0x0800072b   Thumb Code    38  gpio-board.o(i.EXTI9_5_IRQHandler)
    FLASH_FlushCaches                        0x08000751   Thumb Code   100  stm32l4xx_hal_flash_ex.o(i.FLASH_FlushCaches)
    FLASH_IRQHandler                         0x080007bd   Thumb Code     8  sysirqhandlers.o(i.FLASH_IRQHandler)
    FLASH_PageErase                          0x080007c5   Thumb Code    40  stm32l4xx_hal_flash_ex.o(i.FLASH_PageErase)
    FifoInit                                 0x080007f1   Thumb Code    12  fifo.o(i.FifoInit)
    FifoPop                                  0x08000811   Thumb Code    30  fifo.o(i.FifoPop)
    FifoPush                                 0x0800082f   Thumb Code    24  fifo.o(i.FifoPush)
    GetBoardPowerSource                      0x08000849   Thumb Code    14  board.o(i.GetBoardPowerSource)
    GpioInit                                 0x08000895   Thumb Code    36  gpio.o(i.GpioInit)
    GpioMcuInit                              0x080008c1   Thumb Code   346  gpio-board.o(i.GpioMcuInit)
    GpioMcuRead                              0x08000a31   Thumb Code    42  gpio-board.o(i.GpioMcuRead)
    GpioMcuSetInterrupt                      0x08000a5d   Thumb Code   324  gpio-board.o(i.GpioMcuSetInterrupt)
    GpioMcuToggle                            0x08000bb1   Thumb Code    38  gpio-board.o(i.GpioMcuToggle)
    GpioMcuWrite                             0x08000bd7   Thumb Code    42  gpio-board.o(i.GpioMcuWrite)
    GpioRead                                 0x08000c01   Thumb Code    12  gpio.o(i.GpioRead)
    GpioSetInterrupt                         0x08000c0d   Thumb Code    28  gpio.o(i.GpioSetInterrupt)
    GpioToggle                               0x08000c29   Thumb Code    12  gpio.o(i.GpioToggle)
    GpioWrite                                0x08000c35   Thumb Code    16  gpio.o(i.GpioWrite)
    HAL_ADC_DeInit                           0x08000c45   Thumb Code   414  stm32l4xx_hal_adc.o(i.HAL_ADC_DeInit)
    HAL_ADC_Init                             0x08000dfd   Thumb Code   480  stm32l4xx_hal_adc.o(i.HAL_ADC_Init)
    HAL_ADC_MspDeInit                        0x08000ff9   Thumb Code     2  stm32l4xx_hal_adc.o(i.HAL_ADC_MspDeInit)
    HAL_ADC_MspInit                          0x08000ffb   Thumb Code     2  stm32l4xx_hal_adc.o(i.HAL_ADC_MspInit)
    HAL_DBGMCU_EnableDBGSleepMode            0x08000ffd   Thumb Code    14  stm32l4xx_hal.o(i.HAL_DBGMCU_EnableDBGSleepMode)
    HAL_DBGMCU_EnableDBGStandbyMode          0x08001011   Thumb Code    14  stm32l4xx_hal.o(i.HAL_DBGMCU_EnableDBGStandbyMode)
    HAL_DBGMCU_EnableDBGStopMode             0x08001025   Thumb Code    14  stm32l4xx_hal.o(i.HAL_DBGMCU_EnableDBGStopMode)
    HAL_DMA_Abort_IT                         0x08001039   Thumb Code    92  stm32l4xx_hal_dma.o(i.HAL_DMA_Abort_IT)
    HAL_Delay                                0x08001095   Thumb Code    32  stm32l4xx_hal.o(i.HAL_Delay)
    HAL_FLASH_EndOfOperationCallback         0x080010b5   Thumb Code     2  stm32l4xx_hal_flash.o(i.HAL_FLASH_EndOfOperationCallback)
    HAL_FLASH_IRQHandler                     0x080010b9   Thumb Code   350  stm32l4xx_hal_flash.o(i.HAL_FLASH_IRQHandler)
    HAL_FLASH_Lock                           0x08001225   Thumb Code    16  stm32l4xx_hal_flash.o(i.HAL_FLASH_Lock)
    HAL_FLASH_OperationErrorCallback         0x08001239   Thumb Code     2  stm32l4xx_hal_flash.o(i.HAL_FLASH_OperationErrorCallback)
    HAL_FLASH_Unlock                         0x0800123d   Thumb Code    36  stm32l4xx_hal_flash.o(i.HAL_FLASH_Unlock)
    HAL_GPIO_EXTI_Callback                   0x0800126d   Thumb Code    60  gpio-board.o(i.HAL_GPIO_EXTI_Callback)
    HAL_GPIO_EXTI_IRQHandler                 0x080012ad   Thumb Code    24  stm32l4xx_hal_gpio.o(i.HAL_GPIO_EXTI_IRQHandler)
    HAL_GPIO_Init                            0x080012c9   Thumb Code   428  stm32l4xx_hal_gpio.o(i.HAL_GPIO_Init)
    HAL_GPIO_ReadPin                         0x08001491   Thumb Code    16  stm32l4xx_hal_gpio.o(i.HAL_GPIO_ReadPin)
    HAL_GPIO_TogglePin                       0x080014a1   Thumb Code     8  stm32l4xx_hal_gpio.o(i.HAL_GPIO_TogglePin)
    HAL_GPIO_WritePin                        0x080014a9   Thumb Code    10  stm32l4xx_hal_gpio.o(i.HAL_GPIO_WritePin)
    HAL_GetTick                              0x080014b5   Thumb Code     6  stm32l4xx_hal.o(i.HAL_GetTick)
    HAL_IncTick                              0x080014c1   Thumb Code    12  stm32l4xx_hal.o(i.HAL_IncTick)
    HAL_Init                                 0x080014d1   Thumb Code    42  stm32l4xx_hal.o(i.HAL_Init)
    HAL_InitTick                             0x08001501   Thumb Code   132  stm32l4xx_hal_timebase_tim.o(i.HAL_InitTick)
    HAL_MspInit                              0x08001595   Thumb Code     2  stm32l4xx_hal_msp_template.o(i.HAL_MspInit)
    HAL_NVIC_EnableIRQ                       0x08001597   Thumb Code    26  stm32l4xx_hal_cortex.o(i.HAL_NVIC_EnableIRQ)
    HAL_NVIC_SetPriority                     0x080015b1   Thumb Code   124  stm32l4xx_hal_cortex.o(i.HAL_NVIC_SetPriority)
    HAL_NVIC_SetPriorityGrouping             0x08001635   Thumb Code    32  stm32l4xx_hal_cortex.o(i.HAL_NVIC_SetPriorityGrouping)
    HAL_PWREx_DisableLowPowerRunMode         0x0800165d   Thumb Code    72  stm32l4xx_hal_pwr_ex.o(i.HAL_PWREx_DisableLowPowerRunMode)
    HAL_PWREx_EnableLowPowerRunMode          0x080016b1   Thumb Code    14  stm32l4xx_hal_pwr_ex.o(i.HAL_PWREx_EnableLowPowerRunMode)
    HAL_PWREx_EnterSTOP0Mode                 0x080016c5   Thumb Code    52  stm32l4xx_hal_pwr_ex.o(i.HAL_PWREx_EnterSTOP0Mode)
    HAL_PWREx_EnterSTOP1Mode                 0x08001701   Thumb Code    54  stm32l4xx_hal_pwr_ex.o(i.HAL_PWREx_EnterSTOP1Mode)
    HAL_PWREx_GetVoltageRange                0x08001741   Thumb Code    10  stm32l4xx_hal_pwr_ex.o(i.HAL_PWREx_GetVoltageRange)
    HAL_PWR_ConfigPVD                        0x08001751   Thumb Code   176  stm32l4xx_hal_pwr.o(i.HAL_PWR_ConfigPVD)
    HAL_PWR_EnablePVD                        0x08001809   Thumb Code    14  stm32l4xx_hal_pwr.o(i.HAL_PWR_EnablePVD)
    HAL_PWR_EnterSLEEPMode                   0x0800181d   Thumb Code    74  stm32l4xx_hal_pwr.o(i.HAL_PWR_EnterSLEEPMode)
    HAL_PWR_EnterSTOPMode                    0x08001871   Thumb Code    28  stm32l4xx_hal_pwr.o(i.HAL_PWR_EnterSTOPMode)
    HAL_RCCEx_PeriphCLKConfig                0x0800188d   Thumb Code   894  stm32l4xx_hal_rcc_ex.o(i.HAL_RCCEx_PeriphCLKConfig)
    HAL_RCC_ClockConfig                      0x08001c15   Thumb Code   358  stm32l4xx_hal_rcc.o(i.HAL_RCC_ClockConfig)
    HAL_RCC_GetClockConfig                   0x08001d8d   Thumb Code    58  stm32l4xx_hal_rcc.o(i.HAL_RCC_GetClockConfig)
    HAL_RCC_GetHCLKFreq                      0x08001dd1   Thumb Code     6  stm32l4xx_hal_rcc.o(i.HAL_RCC_GetHCLKFreq)
    HAL_RCC_GetOscConfig                     0x08001ddd   Thumb Code   308  stm32l4xx_hal_rcc.o(i.HAL_RCC_GetOscConfig)
    HAL_RCC_GetPCLK1Freq                     0x08001f15   Thumb Code    26  stm32l4xx_hal_rcc.o(i.HAL_RCC_GetPCLK1Freq)
    HAL_RCC_GetPCLK2Freq                     0x08001f39   Thumb Code    26  stm32l4xx_hal_rcc.o(i.HAL_RCC_GetPCLK2Freq)
    HAL_RCC_GetSysClockFreq                  0x08001f5d   Thumb Code   266  stm32l4xx_hal_rcc.o(i.HAL_RCC_GetSysClockFreq)
    HAL_RCC_OscConfig                        0x08002079   Thumb Code  1660  stm32l4xx_hal_rcc.o(i.HAL_RCC_OscConfig)
    HAL_RTCEx_EnableBypassShadow             0x08002701   Thumb Code    88  stm32l4xx_hal_rtc_ex.o(i.HAL_RTCEx_EnableBypassShadow)
    HAL_RTC_AlarmAEventCallback              0x08002759   Thumb Code    10  rtc-board.o(i.HAL_RTC_AlarmAEventCallback)
    HAL_RTC_DeactivateAlarm                  0x08002763   Thumb Code   260  stm32l4xx_hal_rtc.o(i.HAL_RTC_DeactivateAlarm)
    HAL_RTC_GetDate                          0x08002869   Thumb Code    70  stm32l4xx_hal_rtc.o(i.HAL_RTC_GetDate)
    HAL_RTC_GetTime                          0x080028b5   Thumb Code    86  stm32l4xx_hal_rtc.o(i.HAL_RTC_GetTime)
    HAL_RTC_Init                             0x08002911   Thumb Code   230  stm32l4xx_hal_rtc.o(i.HAL_RTC_Init)
    HAL_RTC_MspInit                          0x080029fd   Thumb Code     2  stm32l4xx_hal_rtc.o(i.HAL_RTC_MspInit)
    HAL_RTC_SetAlarm_IT                      0x08002a01   Thumb Code   564  stm32l4xx_hal_rtc.o(i.HAL_RTC_SetAlarm_IT)
    HAL_RTC_SetDate                          0x08002c39   Thumb Code   274  stm32l4xx_hal_rtc.o(i.HAL_RTC_SetDate)
    HAL_RTC_SetTime                          0x08002d51   Thumb Code   324  stm32l4xx_hal_rtc.o(i.HAL_RTC_SetTime)
    HAL_RTC_WaitForSynchro                   0x08002e99   Thumb Code    56  stm32l4xx_hal_rtc.o(i.HAL_RTC_WaitForSynchro)
    HAL_SPI_DeInit                           0x08002ed1   Thumb Code    54  stm32l4xx_hal_spi.o(i.HAL_SPI_DeInit)
    HAL_SPI_Init                             0x08002f07   Thumb Code   192  stm32l4xx_hal_spi.o(i.HAL_SPI_Init)
    HAL_SPI_MspDeInit                        0x08002fc7   Thumb Code     2  stm32l4xx_hal_spi.o(i.HAL_SPI_MspDeInit)
    HAL_SPI_MspInit                          0x08002fc9   Thumb Code     2  stm32l4xx_hal_spi.o(i.HAL_SPI_MspInit)
    HAL_SPI_TransmitReceive                  0x08002fcb   Thumb Code   700  stm32l4xx_hal_spi.o(i.HAL_SPI_TransmitReceive)
    HAL_SYSTICK_CLKSourceConfig              0x0800328d   Thumb Code    40  stm32l4xx_hal_cortex.o(i.HAL_SYSTICK_CLKSourceConfig)
    HAL_SYSTICK_Callback                     0x080032b5   Thumb Code     2  stm32l4xx_hal_cortex.o(i.HAL_SYSTICK_Callback)
    HAL_SYSTICK_Config                       0x080032b7   Thumb Code    52  stm32l4xx_hal_cortex.o(i.HAL_SYSTICK_Config)
    HAL_SYSTICK_IRQHandler                   0x080032eb   Thumb Code     8  stm32l4xx_hal_cortex.o(i.HAL_SYSTICK_IRQHandler)
    HAL_TIMEx_Break2Callback                 0x080032f3   Thumb Code     2  stm32l4xx_hal_tim_ex.o(i.HAL_TIMEx_Break2Callback)
    HAL_TIMEx_BreakCallback                  0x080032f5   Thumb Code     2  stm32l4xx_hal_tim_ex.o(i.HAL_TIMEx_BreakCallback)
    HAL_TIMEx_CommutationCallback            0x080032f7   Thumb Code     2  stm32l4xx_hal_tim_ex.o(i.HAL_TIMEx_CommutationCallback)
    HAL_TIM_Base_Init                        0x080032f9   Thumb Code    52  stm32l4xx_hal_tim.o(i.HAL_TIM_Base_Init)
    HAL_TIM_Base_MspInit                     0x0800332d   Thumb Code     2  stm32l4xx_hal_tim.o(i.HAL_TIM_Base_MspInit)
    HAL_TIM_Base_Start_IT                    0x08003331   Thumb Code    62  stm32l4xx_hal_tim.o(i.HAL_TIM_Base_Start_IT)
    HAL_TIM_IC_CaptureCallback               0x08003375   Thumb Code     2  stm32l4xx_hal_tim.o(i.HAL_TIM_IC_CaptureCallback)
    HAL_TIM_IRQHandler                       0x08003377   Thumb Code   440  stm32l4xx_hal_tim.o(i.HAL_TIM_IRQHandler)
    HAL_TIM_OC_DelayElapsedCallback          0x0800352f   Thumb Code     2  stm32l4xx_hal_tim.o(i.HAL_TIM_OC_DelayElapsedCallback)
    HAL_TIM_PWM_PulseFinishedCallback        0x08003531   Thumb Code     2  stm32l4xx_hal_tim.o(i.HAL_TIM_PWM_PulseFinishedCallback)
    HAL_TIM_PeriodElapsedCallback            0x08003533   Thumb Code    10  stm32l4xx_hal_timebase_tim.o(i.HAL_TIM_PeriodElapsedCallback)
    HAL_TIM_TriggerCallback                  0x0800353d   Thumb Code     2  stm32l4xx_hal_tim.o(i.HAL_TIM_TriggerCallback)
    HAL_UARTEx_WakeupCallback                0x0800353f   Thumb Code     2  stm32l4xx_hal_uart_ex.o(i.HAL_UARTEx_WakeupCallback)
    HAL_UART_ErrorCallback                   0x08003541   Thumb Code    16  uart-board.o(i.HAL_UART_ErrorCallback)
    HAL_UART_IRQHandler                      0x08003559   Thumb Code   392  stm32l4xx_hal_uart.o(i.HAL_UART_IRQHandler)
    HAL_UART_Init                            0x080036e5   Thumb Code   120  stm32l4xx_hal_uart.o(i.HAL_UART_Init)
    HAL_UART_MspInit                         0x0800375d   Thumb Code     2  stm32l4xx_hal_uart.o(i.HAL_UART_MspInit)
    HAL_UART_Receive_IT                      0x08003761   Thumb Code   214  stm32l4xx_hal_uart.o(i.HAL_UART_Receive_IT)
    HAL_UART_RxCpltCallback                  0x08003841   Thumb Code    52  uart-board.o(i.HAL_UART_RxCpltCallback)
    HAL_UART_Transmit_IT                     0x08003881   Thumb Code   116  stm32l4xx_hal_uart.o(i.HAL_UART_Transmit_IT)
    HAL_UART_TxCpltCallback                  0x080038fd   Thumb Code    50  uart-board.o(i.HAL_UART_TxCpltCallback)
    HardFault_Handler                        0x0800393d   Thumb Code   278  sysirqhandlers.o(i.HardFault_Handler)
    IsFifoEmpty                              0x08003ab5   Thumb Code    18  fifo.o(i.IsFifoEmpty)
    IsFifoFull                               0x08003ac7   Thumb Code    26  fifo.o(i.IsFifoFull)
    LpmEnterLowPower                         0x08003b15   Thumb Code    44  lpm-board.o(i.LpmEnterLowPower)
    LpmEnterOffMode                          0x08003b49   Thumb Code     2  lpm-board.o(i.LpmEnterOffMode)
    LpmEnterSleepMode                        0x08003b4b   Thumb Code    12  board.o(i.LpmEnterSleepMode)
    LpmEnterStopMode                         0x08003b57   Thumb Code    28  board.o(i.LpmEnterStopMode)
    LpmExitOffMode                           0x08003b73   Thumb Code     2  lpm-board.o(i.LpmExitOffMode)
    LpmExitSleepMode                         0x08003b75   Thumb Code     2  lpm-board.o(i.LpmExitSleepMode)
    LpmExitStopMode                          0x08003b77   Thumb Code    20  board.o(i.LpmExitStopMode)
    LpmSetOffMode                            0x08003b8d   Thumb Code    54  lpm-board.o(i.LpmSetOffMode)
    LpmSetStopMode                           0x08003bc9   Thumb Code    54  lpm-board.o(i.LpmSetStopMode)
    MemManage_Handler                        0x08003c05   Thumb Code     4  sysirqhandlers.o(i.MemManage_Handler)
    NMI_Handler                              0x08003c09   Thumb Code    22  sysirqhandlers.o(i.NMI_Handler)
    OnRxDone                                 0x08003c5d   Thumb Code    52  main.o(i.OnRxDone)
    OnRxError                                0x08003ca9   Thumb Code    16  main.o(i.OnRxError)
    OnRxTimeout                              0x08003cc1   Thumb Code    16  main.o(i.OnRxTimeout)
    OnTxDone                                 0x08003cd9   Thumb Code    16  main.o(i.OnTxDone)
    OnTxTimeout                              0x08003cf1   Thumb Code    16  main.o(i.OnTxTimeout)
    PVD_PVM_IRQHandler                       0x08003d35   Thumb Code    16  sysirqhandlers.o(i.PVD_PVM_IRQHandler)
    RTC_Alarm_IRQHandler                     0x08003f6d   Thumb Code    64  rtc-board.o(i.RTC_Alarm_IRQHandler)
    RTC_Bcd2ToByte                           0x08003fb5   Thumb Code    20  stm32l4xx_hal_rtc.o(i.RTC_Bcd2ToByte)
    RTC_ByteToBcd2                           0x08003fc9   Thumb Code    28  stm32l4xx_hal_rtc.o(i.RTC_ByteToBcd2)
    RTC_EnterInitMode                        0x08003fe5   Thumb Code    62  stm32l4xx_hal_rtc.o(i.RTC_EnterInitMode)
    RtcGetMinimumTimeout                     0x080040f9   Thumb Code     4  rtc-board.o(i.RtcGetMinimumTimeout)
    RtcGetTimerContext                       0x080040fd   Thumb Code     6  rtc-board.o(i.RtcGetTimerContext)
    RtcGetTimerElapsedTime                   0x08004109   Thumb Code    24  rtc-board.o(i.RtcGetTimerElapsedTime)
    RtcGetTimerValue                         0x08004125   Thumb Code    20  rtc-board.o(i.RtcGetTimerValue)
    RtcInit                                  0x08004139   Thumb Code   172  rtc-board.o(i.RtcInit)
    RtcMs2Tick                               0x080041f5   Thumb Code    24  rtc-board.o(i.RtcMs2Tick)
    RtcSetAlarm                              0x0800420d   Thumb Code    48  rtc-board.o(i.RtcSetAlarm)
    RtcSetTimerContext                       0x0800423d   Thumb Code    24  rtc-board.o(i.RtcSetTimerContext)
    RtcStartAlarm                            0x08004259   Thumb Code   360  rtc-board.o(i.RtcStartAlarm)
    RtcStopAlarm                             0x080043d9   Thumb Code    42  rtc-board.o(i.RtcStopAlarm)
    RtcTick2Ms                               0x0800440d   Thumb Code    28  rtc-board.o(i.RtcTick2Ms)
    SX1276AntSwDeInit                        0x08004681   Thumb Code    22  sx1276mb1las-board.o(i.SX1276AntSwDeInit)
    SX1276AntSwInit                          0x0800469d   Thumb Code    24  sx1276mb1las-board.o(i.SX1276AntSwInit)
    SX1276CheckRfFrequency                   0x080046b9   Thumb Code     6  sx1276mb1las-board.o(i.SX1276CheckRfFrequency)
    SX1276GetBoardTcxoWakeupTime             0x08004703   Thumb Code     4  sx1276mb1las-board.o(i.SX1276GetBoardTcxoWakeupTime)
    SX1276GetDio1PinState                    0x08004709   Thumb Code    10  sx1276mb1las-board.o(i.SX1276GetDio1PinState)
    SX1276GetStatus                          0x08004829   Thumb Code     8  sx1276.o(i.SX1276GetStatus)
    SX1276GetTimeOnAir                       0x08004835   Thumb Code   110  sx1276.o(i.SX1276GetTimeOnAir)
    SX1276GetWakeupTime                      0x080048a9   Thumb Code    10  sx1276.o(i.SX1276GetWakeupTime)
    SX1276Init                               0x080048b5   Thumb Code   114  sx1276.o(i.SX1276Init)
    SX1276IoDbgInit                          0x08004949   Thumb Code     2  sx1276mb1las-board.o(i.SX1276IoDbgInit)
    SX1276IoDeInit                           0x0800494d   Thumb Code    44  sx1276mb1las-board.o(i.SX1276IoDeInit)
    SX1276IoInit                             0x0800497d   Thumb Code    46  sx1276mb1las-board.o(i.SX1276IoInit)
    SX1276IoIrqInit                          0x080049b1   Thumb Code    18  sx1276mb1las-board.o(i.SX1276IoIrqInit)
    SX1276IoTcxoInit                         0x080049c9   Thumb Code     2  sx1276mb1las-board.o(i.SX1276IoTcxoInit)
    SX1276IsChannelFree                      0x080049cb   Thumb Code   132  sx1276.o(i.SX1276IsChannelFree)
    SX1276Random                             0x08005285   Thumb Code    64  sx1276.o(i.SX1276Random)
    SX1276Read                               0x080052c5   Thumb Code    20  sx1276.o(i.SX1276Read)
    SX1276ReadBuffer                         0x080052d9   Thumb Code    66  sx1276.o(i.SX1276ReadBuffer)
    SX1276ReadRssi                           0x08005335   Thumb Code    74  sx1276.o(i.SX1276ReadRssi)
    SX1276Reset                              0x08005389   Thumb Code    60  sx1276mb1las-board.o(i.SX1276Reset)
    SX1276Send                               0x080053c9   Thumb Code   300  sx1276.o(i.SX1276Send)
    SX1276SetAntSw                           0x080054fd   Thumb Code    52  sx1276mb1las-board.o(i.SX1276SetAntSw)
    SX1276SetAntSwLowPower                   0x08005535   Thumb Code    30  sx1276mb1las-board.o(i.SX1276SetAntSwLowPower)
    SX1276SetBoardTcxo                       0x08005559   Thumb Code     2  sx1276mb1las-board.o(i.SX1276SetBoardTcxo)
    SX1276SetChannel                         0x0800555d   Thumb Code    48  sx1276.o(i.SX1276SetChannel)
    SX1276SetMaxPayloadLength                0x08005591   Thumb Code    52  sx1276.o(i.SX1276SetMaxPayloadLength)
    SX1276SetModem                           0x080055c9   Thumb Code   158  sx1276.o(i.SX1276SetModem)
    SX1276SetPublicNetwork                   0x080056a5   Thumb Code    40  sx1276.o(i.SX1276SetPublicNetwork)
    SX1276SetRfTxPower                       0x080056d1   Thumb Code   194  sx1276mb1las-board.o(i.SX1276SetRfTxPower)
    SX1276SetRx                              0x08005799   Thumb Code   632  sx1276.o(i.SX1276SetRx)
    SX1276SetRxConfig                        0x08005a21   Thumb Code   702  sx1276.o(i.SX1276SetRxConfig)
    SX1276SetSleep                           0x08005cf5   Thumb Code    42  sx1276.o(i.SX1276SetSleep)
    SX1276SetStby                            0x08005d31   Thumb Code    36  sx1276.o(i.SX1276SetStby)
    SX1276SetTxConfig                        0x08005e29   Thumb Code   580  sx1276.o(i.SX1276SetTxConfig)
    SX1276SetTxContinuousWave                0x0800607d   Thumb Code   132  sx1276.o(i.SX1276SetTxContinuousWave)
    SX1276StartCad                           0x08006109   Thumb Code    66  sx1276.o(i.SX1276StartCad)
    SX1276Write                              0x08006151   Thumb Code    16  sx1276.o(i.SX1276Write)
    SX1276WriteBuffer                        0x08006161   Thumb Code    66  sx1276.o(i.SX1276WriteBuffer)
    SpiDeInit                                0x080061bd   Thumb Code   114  spi-board.o(i.SpiDeInit)
    SpiFormat                                0x08006235   Thumb Code   234  spi-board.o(i.SpiFormat)
    SpiFrequency                             0x08006325   Thumb Code    90  spi-board.o(i.SpiFrequency)
    SpiInOut                                 0x08006389   Thumb Code   124  spi-board.o(i.SpiInOut)
    SpiInit                                  0x08006409   Thumb Code   426  spi-board.o(i.SpiInit)
    SysTick_Handler                          0x080065cf   Thumb Code    12  board.o(i.SysTick_Handler)
    SystemInit                               0x08006755   Thumb Code    68  system_stm32l4xx.o(i.SystemInit)
    TIM6_DAC_IRQHandler                      0x080067a5   Thumb Code    10  stm32l4xx_hal_timebase_tim.o(i.TIM6_DAC_IRQHandler)
    TIM_Base_SetConfig                       0x080067b5   Thumb Code   104  stm32l4xx_hal_tim.o(i.TIM_Base_SetConfig)
    TimerGetCurrentTime                      0x08006849   Thumb Code    16  timer.o(i.TimerGetCurrentTime)
    TimerGetElapsedTime                      0x08006859   Thumb Code    32  timer.o(i.TimerGetElapsedTime)
    TimerInit                                0x08006879   Thumb Code    18  timer.o(i.TimerInit)
    TimerIrqHandler                          0x080068e1   Thumb Code   182  timer.o(i.TimerIrqHandler)
    TimerSetValue                            0x080069c7   Thumb Code    44  timer.o(i.TimerSetValue)
    TimerStart                               0x080069f5   Thumb Code   108  timer.o(i.TimerStart)
    TimerStop                                0x08006a65   Thumb Code   170  timer.o(i.TimerStop)
    UART_AdvFeatureConfig                    0x08006b15   Thumb Code   248  stm32l4xx_hal_uart.o(i.UART_AdvFeatureConfig)
    UART_CheckIdleState                      0x08006c0d   Thumb Code   116  stm32l4xx_hal_uart.o(i.UART_CheckIdleState)
    UART_SetConfig                           0x08006db1   Thumb Code  1000  stm32l4xx_hal_uart.o(i.UART_SetConfig)
    UART_WaitOnFlagUntilTimeout              0x08007249   Thumb Code   108  stm32l4xx_hal_uart.o(i.UART_WaitOnFlagUntilTimeout)
    USART1_IRQHandler                        0x080072b5   Thumb Code    10  uart-board.o(i.USART1_IRQHandler)
    UartConfig                               0x080072c5   Thumb Code    40  uart.o(i.UartConfig)
    UartInit                                 0x080072f3   Thumb Code    36  uart.o(i.UartInit)
    UartMcuConfig                            0x08007319   Thumb Code   274  uart-board.o(i.UartMcuConfig)
    UartMcuInit                              0x08007439   Thumb Code   112  uart-board.o(i.UartMcuInit)
    UartMcuPutChar                           0x080074ad   Thumb Code    82  uart-board.o(i.UartMcuPutChar)
    UartPutChar                              0x08007509   Thumb Code    16  uart.o(i.UartPutChar)
    UsageFault_Handler                       0x08007519   Thumb Code     4  sysirqhandlers.o(i.UsageFault_Handler)
    __0printf$2                              0x0800751d   Thumb Code    22  printf2.o(i.__0printf$2)
    __1printf$2                              0x0800751d   Thumb Code     0  printf2.o(i.__0printf$2)
    __2printf                                0x0800751d   Thumb Code     0  printf2.o(i.__0printf$2)
    __scatterload_copy                       0x0800753d   Thumb Code    14  handlers.o(i.__scatterload_copy)
    __scatterload_null                       0x0800754b   Thumb Code     2  handlers.o(i.__scatterload_null)
    __scatterload_zeroinit                   0x0800754d   Thumb Code    14  handlers.o(i.__scatterload_zeroinit)
    fputc                                    0x08007639   Thumb Code    24  board.o(i.fputc)
    main                                     0x08007655   Thumb Code   584  main.o(i.main)
    memcpy1                                  0x080078e9   Thumb Code    24  utilities.o(i.memcpy1)
    AHBPrescTable                            0x08007900   Data          16  system_stm32l4xx.o(.constdata)
    APBPrescTable                            0x08007910   Data           8  system_stm32l4xx.o(.constdata)
    MSIRangeTable                            0x08007918   Data          48  system_stm32l4xx.o(.constdata)
    PingMsg                                  0x08007948   Data           5  main.o(.constdata)
    PongMsg                                  0x0800794d   Data           5  main.o(.constdata)
    RadioRegsInit                            0x08007954   Data          48  sx1276.o(.constdata)
    FskBandwidths                            0x08007984   Data         176  sx1276.o(.constdata)
    Radio                                    0x08007a4c   Data         108  sx1276mb1las-board.o(.constdata)
    Region$$Table$$Base                      0x08007ab8   Number         0  anon$$obj.o(Region$$Table)
    Region$$Table$$Limit                     0x08007ad8   Number         0  anon$$obj.o(Region$$Table)
    SystemCoreClock                          0x20000000   Data           4  system_stm32l4xx.o(.data)
    uwTick                                   0x20000004   Data           4  stm32l4xx_hal.o(.data)
    pFlash                                   0x20000008   Data          32  stm32l4xx_hal_flash.o(.data)
    BufferSize                               0x20000028   Data           2  main.o(.data)
    State                                    0x2000002a   Data           1  main.o(.data)
    RssiValue                                0x2000002b   Data           1  main.o(.data)
    SnrValue                                 0x2000002c   Data           1  main.o(.data)
    DioIrq                                   0x20000034   Data          24  sx1276.o(.data)
    RxData                                   0x20000062   Data           1  uart-board.o(.data)
    TxData                                   0x20000063   Data           1  uart-board.o(.data)
    __stdout                                 0x20000064   Data           4  stdout.o(.data)
    TimHandle                                0x20000068   Data          64  stm32l4xx_hal_timebase_tim.o(.bss)
    Buffer                                   0x200000a8   Data          64  main.o(.bss)
    SX1276                                   0x2000020c   Data         324  sx1276.o(.bss)
    TxTimeoutTimer                           0x20000350   Data          24  sx1276.o(.bss)
    RxTimeoutTimer                           0x20000368   Data          24  sx1276.o(.bss)
    RxTimeoutSyncWord                        0x20000380   Data          24  sx1276.o(.bss)
    Led1                                     0x20000398   Data          20  board.o(.bss)
    Led2                                     0x200003ac   Data          20  board.o(.bss)
    Adc                                      0x200003c0   Data          20  board.o(.bss)
    Uart1                                    0x200003d4   Data          72  board.o(.bss)
    Uart1TxBuffer                            0x2000041c   Data        1024  board.o(.bss)
    Uart1RxBuffer                            0x2000081c   Data        1024  board.o(.bss)
    AntSwitch                                0x20000d8c   Data          20  sx1276mb1las-board.o(.bss)
    AdcHandle                                0x20000e18   Data         100  adc-board.o(.bss)
    __initial_sp                             0x20001280   Data           0  startup_stm32l431xx.o(STACK)



==============================================================================

Memory Map of the image

  Image Entry point : 0x0800018d

  Load Region LR_IROM1 (Base: 0x08000000, Size: 0x00007b40, Max: 0x00040000, ABSOLUTE)

    Execution Region ER_IROM1 (Exec base: 0x08000000, Load base: 0x08000000, Size: 0x00007ad8, Max: 0x00040000, ABSOLUTE)

    Exec Addr    Load Addr    Size         Type   Attr      Idx    E Section Name        Object

    0x08000000   0x08000000   0x0000018c   Data   RO          168    RESET               startup_stm32l431xx.o
    0x0800018c   0x0800018c   0x00000000   Code   RO         7824  * .ARM.Collect$$$$00000000  mc_w.l(entry.o)
    0x0800018c   0x0800018c   0x00000004   Code   RO         8102    .ARM.Collect$$$$00000001  mc_w.l(entry2.o)
    0x08000190   0x08000190   0x00000004   Code   RO         8105    .ARM.Collect$$$$00000004  mc_w.l(entry5.o)
    0x08000194   0x08000194   0x00000000   Code   RO         8107    .ARM.Collect$$$$00000008  mc_w.l(entry7b.o)
    0x08000194   0x08000194   0x00000000   Code   RO         8109    .ARM.Collect$$$$0000000A  mc_w.l(entry8b.o)
    0x08000194   0x08000194   0x00000008   Code   RO         8110    .ARM.Collect$$$$0000000B  mc_w.l(entry9a.o)
    0x0800019c   0x0800019c   0x00000000   Code   RO         8112    .ARM.Collect$$$$0000000D  mc_w.l(entry10a.o)
    0x0800019c   0x0800019c   0x00000000   Code   RO         8114    .ARM.Collect$$$$0000000F  mc_w.l(entry11a.o)
    0x0800019c   0x0800019c   0x00000004   Code   RO         8103    .ARM.Collect$$$$00002712  mc_w.l(entry2.o)
    0x080001a0   0x080001a0   0x00000024   Code   RO          169    .text               startup_stm32l431xx.o
    0x080001c4   0x080001c4   0x00000068   Code   RO         7827    .text               mc_w.l(uldiv.o)
    0x0800022c   0x0800022c   0x00000024   Code   RO         7829    .text               mc_w.l(memcpya.o)
    0x08000250   0x08000250   0x00000024   Code   RO         7831    .text               mc_w.l(memseta.o)
    0x08000274   0x08000274   0x0000001e   Code   RO         7833    .text               mc_w.l(strncmp.o)
    0x08000292   0x08000292   0x0000001e   Code   RO         8119    .text               mc_w.l(llshl.o)
    0x080002b0   0x080002b0   0x00000020   Code   RO         8121    .text               mc_w.l(llushr.o)
    0x080002d0   0x080002d0   0x00000024   Code   RO         8136    .text               mc_w.l(init.o)
    0x080002f4   0x080002f4   0x0000011a   Code   RO          396    i.ADC_ConversionStop  stm32l4xx_hal_adc.o
    0x0800040e   0x0800040e   0x00000002   PAD
    0x08000410   0x08000410   0x00000088   Code   RO          400    i.ADC_Disable       stm32l4xx_hal_adc.o
    0x08000498   0x08000498   0x0000000c   Code   RO         6746    i.AdcDeInit         adc.o
    0x080004a4   0x080004a4   0x00000024   Code   RO         6747    i.AdcInit           adc.o
    0x080004c8   0x080004c8   0x00000038   Code   RO         7782    i.AdcMcuConfig      adc-board.o
    0x08000500   0x08000500   0x00000054   Code   RO         7783    i.AdcMcuInit        adc-board.o
    0x08000554   0x08000554   0x0000000c   Code   RO         6863    i.BoardCriticalSectionBegin  board.o
    0x08000560   0x08000560   0x0000000a   Code   RO         6864    i.BoardCriticalSectionEnd  board.o
    0x0800056a   0x0800056a   0x00000002   PAD
    0x0800056c   0x0800056c   0x0000001c   Code   RO         6865    i.BoardDeInitMcu    board.o
    0x08000588   0x08000588   0x00000100   Code   RO         6871    i.BoardInitMcu      board.o
    0x08000688   0x08000688   0x00000002   Code   RO         6872    i.BoardInitPeriph   board.o
    0x0800068a   0x0800068a   0x0000000c   Code   RO         6873    i.BoardLowPowerHandler  board.o
    0x08000696   0x08000696   0x00000010   Code   RO         6875    i.BoardUnusedIoInit  board.o
    0x080006a6   0x080006a6   0x00000004   Code   RO         7623    i.BusFault_Handler  sysirqhandlers.o
    0x080006aa   0x080006aa   0x00000002   Code   RO         7624    i.DebugMon_Handler  sysirqhandlers.o
    0x080006ac   0x080006ac   0x0000000c   Code   RO         6473    i.DelayMs           delay.o
    0x080006b8   0x080006b8   0x0000000c   Code   RO         7074    i.DelayMsMcu        delay-board.o
    0x080006c4   0x080006c4   0x0000000a   Code   RO         7114    i.EXTI0_IRQHandler  gpio-board.o
    0x080006ce   0x080006ce   0x00000034   Code   RO         7115    i.EXTI15_10_IRQHandler  gpio-board.o
    0x08000702   0x08000702   0x0000000a   Code   RO         7116    i.EXTI1_IRQHandler  gpio-board.o
    0x0800070c   0x0800070c   0x0000000a   Code   RO         7117    i.EXTI2_IRQHandler  gpio-board.o
    0x08000716   0x08000716   0x0000000a   Code   RO         7118    i.EXTI3_IRQHandler  gpio-board.o
    0x08000720   0x08000720   0x0000000a   Code   RO         7119    i.EXTI4_IRQHandler  gpio-board.o
    0x0800072a   0x0800072a   0x00000026   Code   RO         7120    i.EXTI9_5_IRQHandler  gpio-board.o
    0x08000750   0x08000750   0x0000006c   Code   RO         1479    i.FLASH_FlushCaches  stm32l4xx_hal_flash_ex.o
    0x080007bc   0x080007bc   0x00000008   Code   RO         7625    i.FLASH_IRQHandler  sysirqhandlers.o
    0x080007c4   0x080007c4   0x0000002c   Code   RO         1489    i.FLASH_PageErase   stm32l4xx_hal_flash_ex.o
    0x080007f0   0x080007f0   0x0000000c   Code   RO         6494    i.FifoInit          fifo.o
    0x080007fc   0x080007fc   0x00000014   Code   RO         6495    i.FifoNext          fifo.o
    0x08000810   0x08000810   0x0000001e   Code   RO         6496    i.FifoPop           fifo.o
    0x0800082e   0x0800082e   0x00000018   Code   RO         6497    i.FifoPush          fifo.o
    0x08000846   0x08000846   0x00000002   PAD
    0x08000848   0x08000848   0x00000014   Code   RO         6876    i.GetBoardPowerSource  board.o
    0x0800085c   0x0800085c   0x00000038   Code   RO         6116    i.GetFskBandwidthRegValue  sx1276.o
    0x08000894   0x08000894   0x0000002a   Code   RO         6543    i.GpioInit          gpio.o
    0x080008be   0x080008be   0x00000002   PAD
    0x080008c0   0x080008c0   0x00000170   Code   RO         7121    i.GpioMcuInit       gpio-board.o
    0x08000a30   0x08000a30   0x0000002a   Code   RO         7122    i.GpioMcuRead       gpio-board.o
    0x08000a5a   0x08000a5a   0x00000002   PAD
    0x08000a5c   0x08000a5c   0x00000154   Code   RO         7125    i.GpioMcuSetInterrupt  gpio-board.o
    0x08000bb0   0x08000bb0   0x00000026   Code   RO         7126    i.GpioMcuToggle     gpio-board.o
    0x08000bd6   0x08000bd6   0x0000002a   Code   RO         7127    i.GpioMcuWrite      gpio-board.o
    0x08000c00   0x08000c00   0x0000000c   Code   RO         6544    i.GpioRead          gpio.o
    0x08000c0c   0x08000c0c   0x0000001c   Code   RO         6547    i.GpioSetInterrupt  gpio.o
    0x08000c28   0x08000c28   0x0000000c   Code   RO         6548    i.GpioToggle        gpio.o
    0x08000c34   0x08000c34   0x00000010   Code   RO         6549    i.GpioWrite         gpio.o
    0x08000c44   0x08000c44   0x000001b8   Code   RO          406    i.HAL_ADC_DeInit    stm32l4xx_hal_adc.o
    0x08000dfc   0x08000dfc   0x000001fc   Code   RO          412    i.HAL_ADC_Init      stm32l4xx_hal_adc.o
    0x08000ff8   0x08000ff8   0x00000002   Code   RO          414    i.HAL_ADC_MspDeInit  stm32l4xx_hal_adc.o
    0x08000ffa   0x08000ffa   0x00000002   Code   RO          415    i.HAL_ADC_MspInit   stm32l4xx_hal_adc.o
    0x08000ffc   0x08000ffc   0x00000014   Code   RO          179    i.HAL_DBGMCU_EnableDBGSleepMode  stm32l4xx_hal.o
    0x08001010   0x08001010   0x00000014   Code   RO          180    i.HAL_DBGMCU_EnableDBGStandbyMode  stm32l4xx_hal.o
    0x08001024   0x08001024   0x00000014   Code   RO          181    i.HAL_DBGMCU_EnableDBGStopMode  stm32l4xx_hal.o
    0x08001038   0x08001038   0x0000005c   Code   RO         1193    i.HAL_DMA_Abort_IT  stm32l4xx_hal_dma.o
    0x08001094   0x08001094   0x00000020   Code   RO          183    i.HAL_Delay         stm32l4xx_hal.o
    0x080010b4   0x080010b4   0x00000002   Code   RO         1379    i.HAL_FLASH_EndOfOperationCallback  stm32l4xx_hal_flash.o
    0x080010b6   0x080010b6   0x00000002   PAD
    0x080010b8   0x080010b8   0x0000016c   Code   RO         1381    i.HAL_FLASH_IRQHandler  stm32l4xx_hal_flash.o
    0x08001224   0x08001224   0x00000014   Code   RO         1382    i.HAL_FLASH_Lock    stm32l4xx_hal_flash.o
    0x08001238   0x08001238   0x00000002   Code   RO         1386    i.HAL_FLASH_OperationErrorCallback  stm32l4xx_hal_flash.o
    0x0800123a   0x0800123a   0x00000002   PAD
    0x0800123c   0x0800123c   0x00000030   Code   RO         1389    i.HAL_FLASH_Unlock  stm32l4xx_hal_flash.o
    0x0800126c   0x0800126c   0x00000040   Code   RO         7128    i.HAL_GPIO_EXTI_Callback  gpio-board.o
    0x080012ac   0x080012ac   0x0000001c   Code   RO         1630    i.HAL_GPIO_EXTI_IRQHandler  stm32l4xx_hal_gpio.o
    0x080012c8   0x080012c8   0x000001c8   Code   RO         1631    i.HAL_GPIO_Init     stm32l4xx_hal_gpio.o
    0x08001490   0x08001490   0x00000010   Code   RO         1633    i.HAL_GPIO_ReadPin  stm32l4xx_hal_gpio.o
    0x080014a0   0x080014a0   0x00000008   Code   RO         1634    i.HAL_GPIO_TogglePin  stm32l4xx_hal_gpio.o
    0x080014a8   0x080014a8   0x0000000a   Code   RO         1635    i.HAL_GPIO_WritePin  stm32l4xx_hal_gpio.o
    0x080014b2   0x080014b2   0x00000002   PAD
    0x080014b4   0x080014b4   0x0000000c   Code   RO          187    i.HAL_GetTick       stm32l4xx_hal.o
    0x080014c0   0x080014c0   0x00000010   Code   RO          191    i.HAL_IncTick       stm32l4xx_hal.o
    0x080014d0   0x080014d0   0x00000030   Code   RO          192    i.HAL_Init          stm32l4xx_hal.o
    0x08001500   0x08001500   0x00000094   Code   RO         5982    i.HAL_InitTick      stm32l4xx_hal_timebase_tim.o
    0x08001594   0x08001594   0x00000002   Code   RO         2368    i.HAL_MspInit       stm32l4xx_hal_msp_template.o
    0x08001596   0x08001596   0x0000001a   Code   RO          894    i.HAL_NVIC_EnableIRQ  stm32l4xx_hal_cortex.o
    0x080015b0   0x080015b0   0x00000082   Code   RO          900    i.HAL_NVIC_SetPriority  stm32l4xx_hal_cortex.o
    0x08001632   0x08001632   0x00000002   PAD
    0x08001634   0x08001634   0x00000028   Code   RO          901    i.HAL_NVIC_SetPriorityGrouping  stm32l4xx_hal_cortex.o
    0x0800165c   0x0800165c   0x00000054   Code   RO         2655    i.HAL_PWREx_DisableLowPowerRunMode  stm32l4xx_hal_pwr_ex.o
    0x080016b0   0x080016b0   0x00000014   Code   RO         2664    i.HAL_PWREx_EnableLowPowerRunMode  stm32l4xx_hal_pwr_ex.o
    0x080016c4   0x080016c4   0x0000003c   Code   RO         2670    i.HAL_PWREx_EnterSTOP0Mode  stm32l4xx_hal_pwr_ex.o
    0x08001700   0x08001700   0x00000040   Code   RO         2671    i.HAL_PWREx_EnterSTOP1Mode  stm32l4xx_hal_pwr_ex.o
    0x08001740   0x08001740   0x00000010   Code   RO         2673    i.HAL_PWREx_GetVoltageRange  stm32l4xx_hal_pwr_ex.o
    0x08001750   0x08001750   0x000000b8   Code   RO         2535    i.HAL_PWR_ConfigPVD  stm32l4xx_hal_pwr.o
    0x08001808   0x08001808   0x00000014   Code   RO         2543    i.HAL_PWR_EnablePVD  stm32l4xx_hal_pwr.o
    0x0800181c   0x0800181c   0x00000054   Code   RO         2547    i.HAL_PWR_EnterSLEEPMode  stm32l4xx_hal_pwr.o
    0x08001870   0x08001870   0x0000001c   Code   RO         2549    i.HAL_PWR_EnterSTOPMode  stm32l4xx_hal_pwr.o
    0x0800188c   0x0800188c   0x00000388   Code   RO         2976    i.HAL_RCCEx_PeriphCLKConfig  stm32l4xx_hal_rcc_ex.o
    0x08001c14   0x08001c14   0x00000178   Code   RO         2854    i.HAL_RCC_ClockConfig  stm32l4xx_hal_rcc.o
    0x08001d8c   0x08001d8c   0x00000044   Code   RO         2857    i.HAL_RCC_GetClockConfig  stm32l4xx_hal_rcc.o
    0x08001dd0   0x08001dd0   0x0000000c   Code   RO         2858    i.HAL_RCC_GetHCLKFreq  stm32l4xx_hal_rcc.o
    0x08001ddc   0x08001ddc   0x00000138   Code   RO         2859    i.HAL_RCC_GetOscConfig  stm32l4xx_hal_rcc.o
    0x08001f14   0x08001f14   0x00000024   Code   RO         2860    i.HAL_RCC_GetPCLK1Freq  stm32l4xx_hal_rcc.o
    0x08001f38   0x08001f38   0x00000024   Code   RO         2861    i.HAL_RCC_GetPCLK2Freq  stm32l4xx_hal_rcc.o
    0x08001f5c   0x08001f5c   0x0000011c   Code   RO         2862    i.HAL_RCC_GetSysClockFreq  stm32l4xx_hal_rcc.o
    0x08002078   0x08002078   0x00000688   Code   RO         2865    i.HAL_RCC_OscConfig  stm32l4xx_hal_rcc.o
    0x08002700   0x08002700   0x00000058   Code   RO         3298    i.HAL_RTCEx_EnableBypassShadow  stm32l4xx_hal_rtc_ex.o
    0x08002758   0x08002758   0x0000000a   Code   RO         7304    i.HAL_RTC_AlarmAEventCallback  rtc-board.o
    0x08002762   0x08002762   0x00000104   Code   RO         3153    i.HAL_RTC_DeactivateAlarm  stm32l4xx_hal_rtc.o
    0x08002866   0x08002866   0x00000002   PAD
    0x08002868   0x08002868   0x0000004c   Code   RO         3155    i.HAL_RTC_GetDate   stm32l4xx_hal_rtc.o
    0x080028b4   0x080028b4   0x0000005c   Code   RO         3157    i.HAL_RTC_GetTime   stm32l4xx_hal_rtc.o
    0x08002910   0x08002910   0x000000ec   Code   RO         3158    i.HAL_RTC_Init      stm32l4xx_hal_rtc.o
    0x080029fc   0x080029fc   0x00000002   Code   RO         3160    i.HAL_RTC_MspInit   stm32l4xx_hal_rtc.o
    0x080029fe   0x080029fe   0x00000002   PAD
    0x08002a00   0x08002a00   0x00000238   Code   RO         3163    i.HAL_RTC_SetAlarm_IT  stm32l4xx_hal_rtc.o
    0x08002c38   0x08002c38   0x00000118   Code   RO         3164    i.HAL_RTC_SetDate   stm32l4xx_hal_rtc.o
    0x08002d50   0x08002d50   0x00000148   Code   RO         3165    i.HAL_RTC_SetTime   stm32l4xx_hal_rtc.o
    0x08002e98   0x08002e98   0x00000038   Code   RO         3166    i.HAL_RTC_WaitForSynchro  stm32l4xx_hal_rtc.o
    0x08002ed0   0x08002ed0   0x00000036   Code   RO         3660    i.HAL_SPI_DeInit    stm32l4xx_hal_spi.o
    0x08002f06   0x08002f06   0x000000c0   Code   RO         3665    i.HAL_SPI_Init      stm32l4xx_hal_spi.o
    0x08002fc6   0x08002fc6   0x00000002   Code   RO         3666    i.HAL_SPI_MspDeInit  stm32l4xx_hal_spi.o
    0x08002fc8   0x08002fc8   0x00000002   Code   RO         3667    i.HAL_SPI_MspInit   stm32l4xx_hal_spi.o
    0x08002fca   0x08002fca   0x000002c2   Code   RO         3674    i.HAL_SPI_TransmitReceive  stm32l4xx_hal_spi.o
    0x0800328c   0x0800328c   0x00000028   Code   RO          903    i.HAL_SYSTICK_CLKSourceConfig  stm32l4xx_hal_cortex.o
    0x080032b4   0x080032b4   0x00000002   Code   RO          904    i.HAL_SYSTICK_Callback  stm32l4xx_hal_cortex.o
    0x080032b6   0x080032b6   0x00000034   Code   RO          905    i.HAL_SYSTICK_Config  stm32l4xx_hal_cortex.o
    0x080032ea   0x080032ea   0x00000008   Code   RO          906    i.HAL_SYSTICK_IRQHandler  stm32l4xx_hal_cortex.o
    0x080032f2   0x080032f2   0x00000002   Code   RO         4693    i.HAL_TIMEx_Break2Callback  stm32l4xx_hal_tim_ex.o
    0x080032f4   0x080032f4   0x00000002   Code   RO         4694    i.HAL_TIMEx_BreakCallback  stm32l4xx_hal_tim_ex.o
    0x080032f6   0x080032f6   0x00000002   Code   RO         4695    i.HAL_TIMEx_CommutationCallback  stm32l4xx_hal_tim_ex.o
    0x080032f8   0x080032f8   0x00000034   Code   RO         4043    i.HAL_TIM_Base_Init  stm32l4xx_hal_tim.o
    0x0800332c   0x0800332c   0x00000002   Code   RO         4045    i.HAL_TIM_Base_MspInit  stm32l4xx_hal_tim.o
    0x0800332e   0x0800332e   0x00000002   PAD
    0x08003330   0x08003330   0x00000044   Code   RO         4048    i.HAL_TIM_Base_Start_IT  stm32l4xx_hal_tim.o
    0x08003374   0x08003374   0x00000002   Code   RO         4072    i.HAL_TIM_IC_CaptureCallback  stm32l4xx_hal_tim.o
    0x08003376   0x08003376   0x000001b8   Code   RO         4085    i.HAL_TIM_IRQHandler  stm32l4xx_hal_tim.o
    0x0800352e   0x0800352e   0x00000002   Code   RO         4088    i.HAL_TIM_OC_DelayElapsedCallback  stm32l4xx_hal_tim.o
    0x08003530   0x08003530   0x00000002   Code   RO         4115    i.HAL_TIM_PWM_PulseFinishedCallback  stm32l4xx_hal_tim.o
    0x08003532   0x08003532   0x0000000a   Code   RO         5985    i.HAL_TIM_PeriodElapsedCallback  stm32l4xx_hal_timebase_tim.o
    0x0800353c   0x0800353c   0x00000002   Code   RO         4126    i.HAL_TIM_TriggerCallback  stm32l4xx_hal_tim.o
    0x0800353e   0x0800353e   0x00000002   Code   RO         5336    i.HAL_UARTEx_WakeupCallback  stm32l4xx_hal_uart_ex.o
    0x08003540   0x08003540   0x00000018   Code   RO         7693    i.HAL_UART_ErrorCallback  uart-board.o
    0x08003558   0x08003558   0x0000018c   Code   RO         4993    i.HAL_UART_IRQHandler  stm32l4xx_hal_uart.o
    0x080036e4   0x080036e4   0x00000078   Code   RO         4994    i.HAL_UART_Init     stm32l4xx_hal_uart.o
    0x0800375c   0x0800375c   0x00000002   Code   RO         4996    i.HAL_UART_MspInit  stm32l4xx_hal_uart.o
    0x0800375e   0x0800375e   0x00000002   PAD
    0x08003760   0x08003760   0x000000e0   Code   RO         4999    i.HAL_UART_Receive_IT  stm32l4xx_hal_uart.o
    0x08003840   0x08003840   0x00000040   Code   RO         7694    i.HAL_UART_RxCpltCallback  uart-board.o
    0x08003880   0x08003880   0x0000007c   Code   RO         5004    i.HAL_UART_Transmit_IT  stm32l4xx_hal_uart.o
    0x080038fc   0x080038fc   0x00000040   Code   RO         7695    i.HAL_UART_TxCpltCallback  uart-board.o
    0x0800393c   0x0800393c   0x00000138   Code   RO         7626    i.HardFault_Handler  sysirqhandlers.o
    0x08003a74   0x08003a74   0x00000040   Code   RO         6877    i.InitFlashMemoryOperations  board.o
    0x08003ab4   0x08003ab4   0x00000012   Code   RO         6498    i.IsFifoEmpty       fifo.o
    0x08003ac6   0x08003ac6   0x0000001a   Code   RO         6499    i.IsFifoFull        fifo.o
    0x08003ae0   0x08003ae0   0x0000000a   Code   RO          427    i.LL_ADC_INJ_IsConversionOngoing  stm32l4xx_hal_adc.o
    0x08003aea   0x08003aea   0x0000000a   Code   RO          428    i.LL_ADC_IsDisableOngoing  stm32l4xx_hal_adc.o
    0x08003af4   0x08003af4   0x0000000a   Code   RO          429    i.LL_ADC_IsEnabled  stm32l4xx_hal_adc.o
    0x08003afe   0x08003afe   0x0000000a   Code   RO          430    i.LL_ADC_IsInternalRegulatorEnabled  stm32l4xx_hal_adc.o
    0x08003b08   0x08003b08   0x0000000a   Code   RO          431    i.LL_ADC_REG_IsConversionOngoing  stm32l4xx_hal_adc.o
    0x08003b12   0x08003b12   0x00000002   PAD
    0x08003b14   0x08003b14   0x00000034   Code   RO         7224    i.LpmEnterLowPower  lpm-board.o
    0x08003b48   0x08003b48   0x00000002   Code   RO         7225    i.LpmEnterOffMode   lpm-board.o
    0x08003b4a   0x08003b4a   0x0000000c   Code   RO         6878    i.LpmEnterSleepMode  board.o
    0x08003b56   0x08003b56   0x0000001c   Code   RO         6879    i.LpmEnterStopMode  board.o
    0x08003b72   0x08003b72   0x00000002   Code   RO         7228    i.LpmExitOffMode    lpm-board.o
    0x08003b74   0x08003b74   0x00000002   Code   RO         7229    i.LpmExitSleepMode  lpm-board.o
    0x08003b76   0x08003b76   0x00000014   Code   RO         6880    i.LpmExitStopMode   board.o
    0x08003b8a   0x08003b8a   0x00000002   PAD
    0x08003b8c   0x08003b8c   0x0000003c   Code   RO         7232    i.LpmSetOffMode     lpm-board.o
    0x08003bc8   0x08003bc8   0x0000003c   Code   RO         7233    i.LpmSetStopMode    lpm-board.o
    0x08003c04   0x08003c04   0x00000004   Code   RO         7627    i.MemManage_Handler  sysirqhandlers.o
    0x08003c08   0x08003c08   0x0000001c   Code   RO         7628    i.NMI_Handler       sysirqhandlers.o
    0x08003c24   0x08003c24   0x00000010   Code   RO          907    i.NVIC_GetPriorityGrouping  stm32l4xx_hal_cortex.o
    0x08003c34   0x08003c34   0x00000028   Code   RO          908    i.NVIC_SetPriority  stm32l4xx_hal_cortex.o
    0x08003c5c   0x08003c5c   0x0000004c   Code   RO         6030    i.OnRxDone          main.o
    0x08003ca8   0x08003ca8   0x00000018   Code   RO         6031    i.OnRxError         main.o
    0x08003cc0   0x08003cc0   0x00000018   Code   RO         6032    i.OnRxTimeout       main.o
    0x08003cd8   0x08003cd8   0x00000018   Code   RO         6033    i.OnTxDone          main.o
    0x08003cf0   0x08003cf0   0x00000018   Code   RO         6034    i.OnTxTimeout       main.o
    0x08003d08   0x08003d08   0x0000002c   Code   RO         6881    i.PVD_Config        board.o
    0x08003d34   0x08003d34   0x00000014   Code   RO         7629    i.PVD_PVM_IRQHandler  sysirqhandlers.o
    0x08003d48   0x08003d48   0x00000188   Code   RO         2980    i.RCCEx_PLLSAI1_Config  stm32l4xx_hal_rcc_ex.o
    0x08003ed0   0x08003ed0   0x0000009c   Code   RO         2866    i.RCC_SetFlashLatencyFromMSIRange  stm32l4xx_hal_rcc.o
    0x08003f6c   0x08003f6c   0x00000048   Code   RO         7305    i.RTC_Alarm_IRQHandler  rtc-board.o
    0x08003fb4   0x08003fb4   0x00000014   Code   RO         3167    i.RTC_Bcd2ToByte    stm32l4xx_hal_rtc.o
    0x08003fc8   0x08003fc8   0x0000001c   Code   RO         3168    i.RTC_ByteToBcd2    stm32l4xx_hal_rtc.o
    0x08003fe4   0x08003fe4   0x0000003e   Code   RO         3169    i.RTC_EnterInitMode  stm32l4xx_hal_rtc.o
    0x08004022   0x08004022   0x00000002   PAD
    0x08004024   0x08004024   0x000000d4   Code   RO         7310    i.RtcGetCalendarValue  rtc-board.o
    0x080040f8   0x080040f8   0x00000004   Code   RO         7311    i.RtcGetMinimumTimeout  rtc-board.o
    0x080040fc   0x080040fc   0x0000000c   Code   RO         7312    i.RtcGetTimerContext  rtc-board.o
    0x08004108   0x08004108   0x0000001c   Code   RO         7313    i.RtcGetTimerElapsedTime  rtc-board.o
    0x08004124   0x08004124   0x00000014   Code   RO         7314    i.RtcGetTimerValue  rtc-board.o
    0x08004138   0x08004138   0x000000bc   Code   RO         7315    i.RtcInit           rtc-board.o
    0x080041f4   0x080041f4   0x00000018   Code   RO         7316    i.RtcMs2Tick        rtc-board.o
    0x0800420c   0x0800420c   0x00000030   Code   RO         7318    i.RtcSetAlarm       rtc-board.o
    0x0800423c   0x0800423c   0x0000001c   Code   RO         7319    i.RtcSetTimerContext  rtc-board.o
    0x08004258   0x08004258   0x00000180   Code   RO         7320    i.RtcStartAlarm     rtc-board.o
    0x080043d8   0x080043d8   0x00000034   Code   RO         7321    i.RtcStopAlarm      rtc-board.o
    0x0800440c   0x0800440c   0x0000001c   Code   RO         7323    i.RtcTick2Ms        rtc-board.o
    0x08004428   0x08004428   0x000000a0   Code   RO         6117    i.RxChainCalibration  sx1276.o
    0x080044c8   0x080044c8   0x00000064   Code   RO         3703    i.SPI_EndRxTxTransaction  stm32l4xx_hal_spi.o
    0x0800452c   0x0800452c   0x000000aa   Code   RO         3708    i.SPI_WaitFifoStateUntilTimeout  stm32l4xx_hal_spi.o
    0x080045d6   0x080045d6   0x000000a8   Code   RO         3709    i.SPI_WaitFlagStateUntilTimeout  stm32l4xx_hal_spi.o
    0x0800467e   0x0800467e   0x00000002   PAD
    0x08004680   0x08004680   0x0000001c   Code   RO         7504    i.SX1276AntSwDeInit  sx1276mb1las-board.o
    0x0800469c   0x0800469c   0x0000001c   Code   RO         7505    i.SX1276AntSwInit   sx1276mb1las-board.o
    0x080046b8   0x080046b8   0x00000006   Code   RO         7506    i.SX1276CheckRfFrequency  sx1276mb1las-board.o
    0x080046be   0x080046be   0x00000024   Code   RO         6118    i.SX1276ConvertFreqInHzToPllStep  sx1276.o
    0x080046e2   0x080046e2   0x00000020   Code   RO         6119    i.SX1276ConvertPllStepToFreqInHz  sx1276.o
    0x08004702   0x08004702   0x00000004   Code   RO         7507    i.SX1276GetBoardTcxoWakeupTime  sx1276mb1las-board.o
    0x08004706   0x08004706   0x00000002   PAD
    0x08004708   0x08004708   0x00000010   Code   RO         7508    i.SX1276GetDio1PinState  sx1276mb1las-board.o
    0x08004718   0x08004718   0x00000026   Code   RO         6120    i.SX1276GetGfskTimeOnAirNumerator  sx1276.o
    0x0800473e   0x0800473e   0x00000002   PAD
    0x08004740   0x08004740   0x0000002c   Code   RO         6121    i.SX1276GetLoRaBandwidthInHz  sx1276.o
    0x0800476c   0x0800476c   0x000000b6   Code   RO         6122    i.SX1276GetLoRaTimeOnAirNumerator  sx1276.o
    0x08004822   0x08004822   0x00000006   Code   RO         7509    i.SX1276GetPaSelect  sx1276mb1las-board.o
    0x08004828   0x08004828   0x0000000c   Code   RO         6123    i.SX1276GetStatus   sx1276.o
    0x08004834   0x08004834   0x00000074   Code   RO         6124    i.SX1276GetTimeOnAir  sx1276.o
    0x080048a8   0x080048a8   0x0000000a   Code   RO         6125    i.SX1276GetWakeupTime  sx1276.o
    0x080048b2   0x080048b2   0x00000002   PAD
    0x080048b4   0x080048b4   0x00000094   Code   RO         6126    i.SX1276Init        sx1276.o
    0x08004948   0x08004948   0x00000002   Code   RO         7510    i.SX1276IoDbgInit   sx1276mb1las-board.o
    0x0800494a   0x0800494a   0x00000002   PAD
    0x0800494c   0x0800494c   0x00000030   Code   RO         7511    i.SX1276IoDeInit    sx1276mb1las-board.o
    0x0800497c   0x0800497c   0x00000034   Code   RO         7512    i.SX1276IoInit      sx1276mb1las-board.o
    0x080049b0   0x080049b0   0x00000018   Code   RO         7513    i.SX1276IoIrqInit   sx1276mb1las-board.o
    0x080049c8   0x080049c8   0x00000002   Code   RO         7514    i.SX1276IoTcxoInit  sx1276mb1las-board.o
    0x080049ca   0x080049ca   0x0000008a   Code   RO         6127    i.SX1276IsChannelFree  sx1276.o
    0x08004a54   0x08004a54   0x00000380   Code   RO         6128    i.SX1276OnDio0Irq   sx1276.o
    0x08004dd4   0x08004dd4   0x000001d8   Code   RO         6129    i.SX1276OnDio1Irq   sx1276.o
    0x08004fac   0x08004fac   0x00000130   Code   RO         6130    i.SX1276OnDio2Irq   sx1276.o
    0x080050dc   0x080050dc   0x00000074   Code   RO         6131    i.SX1276OnDio3Irq   sx1276.o
    0x08005150   0x08005150   0x0000002c   Code   RO         6132    i.SX1276OnDio4Irq   sx1276.o
    0x0800517c   0x0800517c   0x00000108   Code   RO         6133    i.SX1276OnTimeoutIrq  sx1276.o
    0x08005284   0x08005284   0x00000040   Code   RO         6134    i.SX1276Random      sx1276.o
    0x080052c4   0x080052c4   0x00000014   Code   RO         6135    i.SX1276Read        sx1276.o
    0x080052d8   0x080052d8   0x00000048   Code   RO         6136    i.SX1276ReadBuffer  sx1276.o
    0x08005320   0x08005320   0x00000012   Code   RO         6137    i.SX1276ReadFifo    sx1276.o
    0x08005332   0x08005332   0x00000002   PAD
    0x08005334   0x08005334   0x00000054   Code   RO         6138    i.SX1276ReadRssi    sx1276.o
    0x08005388   0x08005388   0x00000040   Code   RO         7515    i.SX1276Reset       sx1276mb1las-board.o
    0x080053c8   0x080053c8   0x00000134   Code   RO         6139    i.SX1276Send        sx1276.o
    0x080054fc   0x080054fc   0x00000038   Code   RO         7516    i.SX1276SetAntSw    sx1276mb1las-board.o
    0x08005534   0x08005534   0x00000024   Code   RO         7517    i.SX1276SetAntSwLowPower  sx1276mb1las-board.o
    0x08005558   0x08005558   0x00000002   Code   RO         7518    i.SX1276SetBoardTcxo  sx1276mb1las-board.o
    0x0800555a   0x0800555a   0x00000002   PAD
    0x0800555c   0x0800555c   0x00000034   Code   RO         6140    i.SX1276SetChannel  sx1276.o
    0x08005590   0x08005590   0x00000038   Code   RO         6141    i.SX1276SetMaxPayloadLength  sx1276.o
    0x080055c8   0x080055c8   0x000000a4   Code   RO         6142    i.SX1276SetModem    sx1276.o
    0x0800566c   0x0800566c   0x00000038   Code   RO         6143    i.SX1276SetOpMode   sx1276.o
    0x080056a4   0x080056a4   0x0000002c   Code   RO         6144    i.SX1276SetPublicNetwork  sx1276.o
    0x080056d0   0x080056d0   0x000000c8   Code   RO         7519    i.SX1276SetRfTxPower  sx1276mb1las-board.o
    0x08005798   0x08005798   0x00000288   Code   RO         6145    i.SX1276SetRx       sx1276.o
    0x08005a20   0x08005a20   0x000002d2   Code   RO         6146    i.SX1276SetRxConfig  sx1276.o
    0x08005cf2   0x08005cf2   0x00000002   PAD
    0x08005cf4   0x08005cf4   0x0000003c   Code   RO         6147    i.SX1276SetSleep    sx1276.o
    0x08005d30   0x08005d30   0x00000034   Code   RO         6148    i.SX1276SetStby     sx1276.o
    0x08005d64   0x08005d64   0x000000c4   Code   RO         6149    i.SX1276SetTx       sx1276.o
    0x08005e28   0x08005e28   0x00000252   Code   RO         6150    i.SX1276SetTxConfig  sx1276.o
    0x0800607a   0x0800607a   0x00000002   PAD
    0x0800607c   0x0800607c   0x0000008c   Code   RO         6151    i.SX1276SetTxContinuousWave  sx1276.o
    0x08006108   0x08006108   0x00000048   Code   RO         6152    i.SX1276StartCad    sx1276.o
    0x08006150   0x08006150   0x00000010   Code   RO         6153    i.SX1276Write       sx1276.o
    0x08006160   0x08006160   0x00000048   Code   RO         6154    i.SX1276WriteBuffer  sx1276.o
    0x080061a8   0x080061a8   0x00000012   Code   RO         6155    i.SX1276WriteFifo   sx1276.o
    0x080061ba   0x080061ba   0x00000002   PAD
    0x080061bc   0x080061bc   0x00000078   Code   RO         7454    i.SpiDeInit         spi-board.o
    0x08006234   0x08006234   0x000000f0   Code   RO         7455    i.SpiFormat         spi-board.o
    0x08006324   0x08006324   0x00000064   Code   RO         7456    i.SpiFrequency      spi-board.o
    0x08006388   0x08006388   0x00000080   Code   RO         7457    i.SpiInOut          spi-board.o
    0x08006408   0x08006408   0x000001c6   Code   RO         7458    i.SpiInit           spi-board.o
    0x080065ce   0x080065ce   0x0000000c   Code   RO         6882    i.SysTick_Handler   board.o
    0x080065da   0x080065da   0x00000002   PAD
    0x080065dc   0x080065dc   0x000000ec   Code   RO         6883    i.SystemClockConfig  board.o
    0x080066c8   0x080066c8   0x0000008c   Code   RO         6884    i.SystemClockReConfig  board.o
    0x08006754   0x08006754   0x00000050   Code   RO            5    i.SystemInit        system_stm32l4xx.o
    0x080067a4   0x080067a4   0x00000010   Code   RO         5986    i.TIM6_DAC_IRQHandler  stm32l4xx_hal_timebase_tim.o
    0x080067b4   0x080067b4   0x00000074   Code   RO         4127    i.TIM_Base_SetConfig  stm32l4xx_hal_tim.o
    0x08006828   0x08006828   0x00000020   Code   RO         6369    i.TimerExists       timer.o
    0x08006848   0x08006848   0x00000010   Code   RO         6370    i.TimerGetCurrentTime  timer.o
    0x08006858   0x08006858   0x00000020   Code   RO         6371    i.TimerGetElapsedTime  timer.o
    0x08006878   0x08006878   0x00000012   Code   RO         6372    i.TimerInit         timer.o
    0x0800688a   0x0800688a   0x00000002   PAD
    0x0800688c   0x0800688c   0x00000020   Code   RO         6373    i.TimerInsertNewHeadTimer  timer.o
    0x080068ac   0x080068ac   0x00000034   Code   RO         6374    i.TimerInsertTimer  timer.o
    0x080068e0   0x080068e0   0x000000bc   Code   RO         6375    i.TimerIrqHandler   timer.o
    0x0800699c   0x0800699c   0x0000002a   Code   RO         6380    i.TimerSetTimeout   timer.o
    0x080069c6   0x080069c6   0x0000002c   Code   RO         6381    i.TimerSetValue     timer.o
    0x080069f2   0x080069f2   0x00000002   PAD
    0x080069f4   0x080069f4   0x00000070   Code   RO         6382    i.TimerStart        timer.o
    0x08006a64   0x08006a64   0x000000b0   Code   RO         6383    i.TimerStop         timer.o
    0x08006b14   0x08006b14   0x000000f8   Code   RO         5007    i.UART_AdvFeatureConfig  stm32l4xx_hal_uart.o
    0x08006c0c   0x08006c0c   0x00000074   Code   RO         5008    i.UART_CheckIdleState  stm32l4xx_hal_uart.o
    0x08006c80   0x08006c80   0x00000018   Code   RO         5009    i.UART_DMAAbortOnError  stm32l4xx_hal_uart.o
    0x08006c98   0x08006c98   0x00000024   Code   RO         5019    i.UART_EndRxTransfer  stm32l4xx_hal_uart.o
    0x08006cbc   0x08006cbc   0x00000022   Code   RO         5020    i.UART_EndTransmit_IT  stm32l4xx_hal_uart.o
    0x08006cde   0x08006cde   0x0000006c   Code   RO         5022    i.UART_RxISR_16BIT  stm32l4xx_hal_uart.o
    0x08006d4a   0x08006d4a   0x00000066   Code   RO         5023    i.UART_RxISR_8BIT   stm32l4xx_hal_uart.o
    0x08006db0   0x08006db0   0x00000412   Code   RO         5024    i.UART_SetConfig    stm32l4xx_hal_uart.o
    0x080071c2   0x080071c2   0x00000046   Code   RO         5025    i.UART_TxISR_16BIT  stm32l4xx_hal_uart.o
    0x08007208   0x08007208   0x00000040   Code   RO         5026    i.UART_TxISR_8BIT   stm32l4xx_hal_uart.o
    0x08007248   0x08007248   0x0000006c   Code   RO         5027    i.UART_WaitOnFlagUntilTimeout  stm32l4xx_hal_uart.o
    0x080072b4   0x080072b4   0x00000010   Code   RO         7696    i.USART1_IRQHandler  uart-board.o
    0x080072c4   0x080072c4   0x0000002e   Code   RO         6692    i.UartConfig        uart.o
    0x080072f2   0x080072f2   0x00000024   Code   RO         6696    i.UartInit          uart.o
    0x08007316   0x08007316   0x00000002   PAD
    0x08007318   0x08007318   0x00000120   Code   RO         7697    i.UartMcuConfig     uart-board.o
    0x08007438   0x08007438   0x00000074   Code   RO         7701    i.UartMcuInit       uart-board.o
    0x080074ac   0x080074ac   0x0000005c   Code   RO         7703    i.UartMcuPutChar    uart-board.o
    0x08007508   0x08007508   0x00000010   Code   RO         6698    i.UartPutChar       uart.o
    0x08007518   0x08007518   0x00000004   Code   RO         7630    i.UsageFault_Handler  sysirqhandlers.o
    0x0800751c   0x0800751c   0x00000020   Code   RO         7904    i.__0printf$2       mc_w.l(printf2.o)
    0x0800753c   0x0800753c   0x0000000e   Code   RO         8144    i.__scatterload_copy  mc_w.l(handlers.o)
    0x0800754a   0x0800754a   0x00000002   Code   RO         8145    i.__scatterload_null  mc_w.l(handlers.o)
    0x0800754c   0x0800754c   0x0000000e   Code   RO         8146    i.__scatterload_zeroinit  mc_w.l(handlers.o)
    0x0800755a   0x0800755a   0x000000dc   Code   RO         7911    i._printf_core      mc_w.l(printf2.o)
    0x08007636   0x08007636   0x00000002   PAD
    0x08007638   0x08007638   0x0000001c   Code   RO         6886    i.fputc             board.o
    0x08007654   0x08007654   0x00000294   Code   RO         6035    i.main              main.o
    0x080078e8   0x080078e8   0x00000018   Code   RO         6783    i.memcpy1           utilities.o
    0x08007900   0x08007900   0x00000048   Data   RO            6    .constdata          system_stm32l4xx.o
    0x08007948   0x08007948   0x0000000a   Data   RO         6037    .constdata          main.o
    0x08007952   0x08007952   0x00000002   PAD
    0x08007954   0x08007954   0x000000e0   Data   RO         6157    .constdata          sx1276.o
    0x08007a34   0x08007a34   0x00000018   Data   RO         7325    .constdata          rtc-board.o
    0x08007a4c   0x08007a4c   0x0000006c   Data   RO         7521    .constdata          sx1276mb1las-board.o
    0x08007ab8   0x08007ab8   0x00000020   Data   RO         8142    Region$$Table       anon$$obj.o


    Execution Region RW_IRAM1 (Exec base: 0x20000000, Load base: 0x08007ad8, Size: 0x00001280, Max: 0x0000c000, ABSOLUTE)

    Exec Addr    Load Addr    Size         Type   Attr      Idx    E Section Name        Object

    0x20000000   0x08007ad8   0x00000004   Data   RW            7    .data               system_stm32l4xx.o
    0x20000004   0x08007adc   0x00000004   Data   RW          208    .data               stm32l4xx_hal.o
    0x20000008   0x08007ae0   0x00000020   Data   RW         1390    .data               stm32l4xx_hal_flash.o
    0x20000028   0x08007b00   0x00000005   Data   RW         6038    .data               main.o
    0x2000002d   0x08007b05   0x00000003   PAD
    0x20000030   0x08007b08   0x0000001c   Data   RW         6158    .data               sx1276.o
    0x2000004c   0x08007b24   0x00000004   Data   RW         6385    .data               timer.o
    0x20000050   0x08007b28   0x00000001   Data   RW         6749    .data               adc.o
    0x20000051   0x08007b29   0x00000001   PAD
    0x20000052   0x08007b2a   0x00000004   Data   RW         6888    .data               board.o
    0x20000056   0x08007b2e   0x00000002   PAD
    0x20000058   0x08007b30   0x00000008   Data   RW         7234    .data               lpm-board.o
    0x20000060   0x08007b38   0x00000001   Data   RW         7326    .data               rtc-board.o
    0x20000061   0x08007b39   0x00000001   Data   RW         7522    .data               sx1276mb1las-board.o
    0x20000062   0x08007b3a   0x00000002   Data   RW         7705    .data               uart-board.o
    0x20000064   0x08007b3c   0x00000004   Data   RW         8116    .data               mc_w.l(stdout.o)
    0x20000068        -       0x00000040   Zero   RW         5987    .bss                stm32l4xx_hal_timebase_tim.o
    0x200000a8        -       0x00000064   Zero   RW         6036    .bss                main.o
    0x2000010c        -       0x0000028c   Zero   RW         6156    .bss                sx1276.o
    0x20000398        -       0x00000884   Zero   RW         6887    .bss                board.o
    0x20000c1c        -       0x00000040   Zero   RW         7129    .bss                gpio-board.o
    0x20000c5c        -       0x00000068   Zero   RW         7324    .bss                rtc-board.o
    0x20000cc4        -       0x000000c8   Zero   RW         7459    .bss                spi-board.o
    0x20000d8c        -       0x00000014   Zero   RW         7520    .bss                sx1276mb1las-board.o
    0x20000da0        -       0x00000078   Zero   RW         7704    .bss                uart-board.o
    0x20000e18        -       0x00000064   Zero   RW         7785    .bss                adc-board.o
    0x20000e7c   0x08007b40   0x00000004   PAD
    0x20000e80        -       0x00000400   Zero   RW          166    STACK               startup_stm32l431xx.o


==============================================================================

Image component sizes


      Code (inc. data)   RO Data    RW Data    ZI Data      Debug   Object Name

       140         20          0          0        100       2032   adc-board.o
        48          8          0          1          0       1950   adc.o
       940         72          0          4       2180      17658   board.o
        12          0          0          0          0      19161   delay-board.o
        12          0          0          0          0        494   delay.o
       130          0          0          0          0       4027   fifo.o
      1034         48          0          0         64       9037   gpio-board.o
       110          0          0          0          0       3334   gpio.o
       178         20          0          8          0       3390   lpm-board.o
       832        138         10          5        100       8962   main.o
      1110         92         24          1        104      10515   rtc-board.o
      1042         48          0          0        200       4320   spi-board.o
        36          8        396          0       1024        868   startup_stm32l431xx.o
       168         34          0          4          0       5337   stm32l4xx_hal.o
      1420         66          0          0          0      59281   stm32l4xx_hal_adc.o
       354         22          0          0          0      32701   stm32l4xx_hal_cortex.o
        92          0          0          0          0       1175   stm32l4xx_hal_dma.o
       436         30          0         32          0       3554   stm32l4xx_hal_flash.o
       152         12          0          0          0       1250   stm32l4xx_hal_flash_ex.o
       518         32          0          0          0       4355   stm32l4xx_hal_gpio.o
         2          0          0          0          0        538   stm32l4xx_hal_msp_template.o
       316         24          0          0          0       3277   stm32l4xx_hal_pwr.o
       244         42          0          0          0       3111   stm32l4xx_hal_pwr_ex.o
      2952        112          0          0          0       8932   stm32l4xx_hal_rcc.o
      1296         26          0          0          0       3004   stm32l4xx_hal_rcc_ex.o
      2008         32          0          0          0      10204   stm32l4xx_hal_rtc.o
        88          0          0          0          0       1715   stm32l4xx_hal_rtc_ex.o
      1394          0          0          0          0       7552   stm32l4xx_hal_spi.o
       686         18          0          0          0       6470   stm32l4xx_hal_tim.o
         6          0          0          0          0       2297   stm32l4xx_hal_tim_ex.o
       174         22          0          0         64       2629   stm32l4xx_hal_timebase_tim.o
      2818         58          0          0          0      12887   stm32l4xx_hal_uart.o
         2          0          0          0          0       1072   stm32l4xx_hal_uart_ex.o
      6596        320        224         28        652      30888   sx1276.o
       574         52        108          1         20      13309   sx1276mb1las-board.o
       382         44          0          0          0      30980   sysirqhandlers.o
        80         12         72          4          0     739405   system_stm32l4xx.o
       744         32          0          4          0       7447   timer.o
       664         68          0          2        120       5624   uart-board.o
        98          0          0          0          0       3302   uart.o
        24          0          0          0          0       1086   utilities.o

    ----------------------------------------------------------------------
     29972       1512        868        100       4632    1089130   Object Totals
         0          0         32          0          0          0   (incl. Generated)
        60          0          2          6          4          0   (incl. Padding)

    ----------------------------------------------------------------------

      Code (inc. data)   RO Data    RW Data    ZI Data      Debug   Library Member Name

         0          0          0          0          0          0   entry.o
         0          0          0          0          0          0   entry10a.o
         0          0          0          0          0          0   entry11a.o
         8          4          0          0          0          0   entry2.o
         4          0          0          0          0          0   entry5.o
         0          0          0          0          0          0   entry7b.o
         0          0          0          0          0          0   entry8b.o
         8          4          0          0          0          0   entry9a.o
        30          0          0          0          0          0   handlers.o
        36          8          0          0          0         68   init.o
        30          0          0          0          0         68   llshl.o
        32          0          0          0          0         68   llushr.o
        36          0          0          0          0         68   memcpya.o
        36          0          0          0          0        108   memseta.o
       252         10          0          0          0        176   printf2.o
         0          0          0          4          0          0   stdout.o
        30          0          0          0          0         80   strncmp.o
       104          0          0          0          0         92   uldiv.o

    ----------------------------------------------------------------------
       608         26          0          4          0        728   Library Totals
         2          0          0          0          0          0   (incl. Padding)

    ----------------------------------------------------------------------

      Code (inc. data)   RO Data    RW Data    ZI Data      Debug   Library Name

       606         26          0          4          0        728   mc_w.l

    ----------------------------------------------------------------------
       608         26          0          4          0        728   Library Totals

    ----------------------------------------------------------------------

==============================================================================


      Code (inc. data)   RO Data    RW Data    ZI Data      Debug   

     30580       1538        868        104       4632    1062450   Grand Totals
     30580       1538        868        104       4632    1062450   ELF Image Totals
     30580       1538        868        104          0          0   ROM Totals

==============================================================================

    Total RO  Size (Code + RO Data)                31448 (  30.71kB)
    Total RW  Size (RW Data + ZI Data)              4736 (   4.63kB)
    Total ROM Size (Code + RO Data + RW Data)      31552 (  30.81kB)

==============================================================================

